<html>
<body>
<pre>
<h1>µVision Build Log</h1>
<h2>Project:</h2>
D:\21_Git_Code\2_GD32F3x0_Firmware_Library_V1.0.0\Template_App_Test\Keil_project\Project.uvproj
Project File Date:  05/24/2019

<h2>Output:</h2>
Rebuild target 'GD32F350'
compiling gd32f3x0_it.c...
compiling main.c...
compiling systick.c...
compiling system_gd32f3x0.c...
compiling gd32f3x0_adc.c...
compiling gd32f3x0_cec.c...
compiling gd32f3x0_cmp.c...
compiling gd32f3x0_crc.c...
compiling gd32f3x0_ctc.c...
compiling gd32f3x0_dac.c...
compiling gd32f3x0_dbg.c...
compiling gd32f3x0_dma.c...
compiling gd32f3x0_exti.c...
compiling gd32f3x0_fmc.c...
compiling gd32f3x0_fwdgt.c...
compiling gd32f3x0_gpio.c...
compiling gd32f3x0_i2c.c...
compiling gd32f3x0_misc.c...
compiling gd32f3x0_pmu.c...
compiling gd32f3x0_rcu.c...
compiling gd32f3x0_rtc.c...
compiling gd32f3x0_spi.c...
compiling gd32f3x0_syscfg.c...
compiling gd32f3x0_timer.c...
compiling gd32f3x0_tsi.c...
compiling gd32f3x0_usart.c...
compiling gd32f3x0_wwdgt.c...
assembling startup_gd32f3x0.s...
compiling gd32f3x0_eval.c...
linking...
Program Size: Code=3812 RO-data=368 RW-data=124 ZI-data=1028  
FromELF: creating hex file...
After Build - User command #1: C:\Keil\ARM\ARMCC\bin\fromelf.exe --bin -o output/Project.bin output/Project.axf
".\output\Project.axf" - 0 Errors, 0 Warning(s).
Rebuild target 'GD32F350'
compiling gd32f3x0_it.c...
compiling main.c...
compiling systick.c...
compiling system_gd32f3x0.c...
compiling gd32f3x0_adc.c...
compiling gd32f3x0_cec.c...
compiling gd32f3x0_cmp.c...
compiling gd32f3x0_crc.c...
compiling gd32f3x0_ctc.c...
compiling gd32f3x0_dac.c...
compiling gd32f3x0_dbg.c...
compiling gd32f3x0_dma.c...
compiling gd32f3x0_exti.c...
compiling gd32f3x0_fmc.c...
compiling gd32f3x0_fwdgt.c...
compiling gd32f3x0_gpio.c...
compiling gd32f3x0_i2c.c...
compiling gd32f3x0_misc.c...
compiling gd32f3x0_pmu.c...
compiling gd32f3x0_rcu.c...
compiling gd32f3x0_rtc.c...
compiling gd32f3x0_spi.c...
compiling gd32f3x0_syscfg.c...
compiling gd32f3x0_timer.c...
compiling gd32f3x0_tsi.c...
compiling gd32f3x0_usart.c...
compiling gd32f3x0_wwdgt.c...
assembling startup_gd32f3x0.s...
compiling gd32f3x0_eval.c...
linking...
Program Size: Code=3812 RO-data=368 RW-data=124 ZI-data=1028  
FromELF: creating hex file...
After Build - User command #1: C:\Keil\ARM\ARMCC\bin\fromelf.exe --bin -o output/Project.bin output/Project.axf
".\output\Project.axf" - 0 Errors, 0 Warning(s).
Load "D:\\21_Git_Code\\2_GD32F3x0_Firmware_Library_V1.0.0\\Template_App_Test\\Keil_project\\output\\Project.axf" 
Load "D:\\21_Git_Code\\2_GD32F3x0_Firmware_Library_V1.0.0\\Template_App_Test\\Keil_project\\output\\Project.axf" 
Erase Done.
Programming Done.
Verify OK.
Rebuild target 'GD32F350'
compiling gd32f3x0_it.c...
compiling main.c...
compiling systick.c...
compiling system_gd32f3x0.c...
compiling gd32f3x0_adc.c...
compiling gd32f3x0_cec.c...
compiling gd32f3x0_cmp.c...
compiling gd32f3x0_crc.c...
compiling gd32f3x0_ctc.c...
compiling gd32f3x0_dac.c...
compiling gd32f3x0_dbg.c...
compiling gd32f3x0_dma.c...
compiling gd32f3x0_exti.c...
compiling gd32f3x0_fmc.c...
compiling gd32f3x0_fwdgt.c...
compiling gd32f3x0_gpio.c...
compiling gd32f3x0_i2c.c...
compiling gd32f3x0_misc.c...
compiling gd32f3x0_pmu.c...
compiling gd32f3x0_rcu.c...
compiling gd32f3x0_rtc.c...
compiling gd32f3x0_spi.c...
compiling gd32f3x0_syscfg.c...
compiling gd32f3x0_timer.c...
compiling gd32f3x0_tsi.c...
compiling gd32f3x0_usart.c...
compiling gd32f3x0_wwdgt.c...
assembling startup_gd32f3x0.s...
compiling gd32f3x0_eval.c...
linking...
Program Size: Code=3812 RO-data=368 RW-data=124 ZI-data=1028  
FromELF: creating hex file...
After Build - User command #1: C:\Keil\ARM\ARMCC\bin\fromelf.exe --bin -o output/Project.bin output/Project.axf
".\output\Project.axf" - 0 Errors, 0 Warning(s).
