<html>
<body>
<pre>
<h1>µVision Build Log</h1>
<h2>Tool Versions:</h2>
IDE-Version: ¦ÌVision V5.25.2.0
Copyright (C) 2018 ARM Ltd and ARM Germany GmbH. All rights reserved.
License Information: ccc Administrator, ccc, LIC=Z3C45-G8X2M-XB3EC-750EB-Z5PIH-MJT8A
 
Tool Versions:
Toolchain:       MDK-ARM Professional  Version: 5.25.2.0
Toolchain Path:  D:\Keil_v5\ARM\ARMCC\Bin
C Compiler:      Armcc.exe V5.06 update 6 (build 750)
Assembler:       Armasm.exe V5.06 update 6 (build 750)
Linker/Locator:  ArmLink.exe V5.06 update 6 (build 750)
Library Manager: ArmAr.exe V5.06 update 6 (build 750)
Hex Converter:   FromElf.exe V5.06 update 6 (build 750)
CPU DLL:         SARMCM3.DLL V5.25.2.0
Dialog DLL:      DCM.DLL V1.17.1.0
Target DLL:      Segger\JL2CM3.dll V2.99.29.0
Dialog DLL:      TCM.DLL V1.35.1.0
 
<h2>Project:</h2>
E:\12_GD32_Files\GD32F3x0_Firmware_Library_V1.0.0\Template\Keil_project\Project.uvproj
Project File Date:  12/26/2018

<h2>Output:</h2>
*** Using Compiler 'V5.06 update 6 (build 750)', folder: 'D:\Keil_v5\ARM\ARMCC\Bin'
Rebuild target 'GD32F350'
compiling systick.c...
compiling gd32f3x0_it.c...
compiling main.c...
compiling system_gd32f3x0.c...
compiling gd32f3x0_cec.c...
compiling gd32f3x0_cmp.c...
compiling gd32f3x0_adc.c...
compiling gd32f3x0_crc.c...
compiling gd32f3x0_ctc.c...
compiling gd32f3x0_dac.c...
compiling gd32f3x0_dma.c...
compiling gd32f3x0_exti.c...
compiling gd32f3x0_dbg.c...
compiling gd32f3x0_fmc.c...
compiling gd32f3x0_pmu.c...
compiling gd32f3x0_i2c.c...
compiling gd32f3x0_gpio.c...
compiling gd32f3x0_fwdgt.c...
compiling gd32f3x0_misc.c...
compiling gd32f3x0_rtc.c...
compiling gd32f3x0_rcu.c...
assembling startup_gd32f3x0.s...
compiling gd32f3x0_tsi.c...
compiling gd32f3x0_syscfg.c...
compiling gd32f3x0_timer.c...
compiling gd32f3x0_spi.c...
compiling gd32f3x0_usart.c...
compiling gd32f3x0_wwdgt.c...
compiling gd32f3x0_eval.c...
linking...
Program Size: Code=4056 RO-data=368 RW-data=124 ZI-data=1028  
FromELF: creating hex file...
".\output\Project.axf" - 0 Error(s), 0 Warning(s).
Build Time Elapsed:  00:00:06
</pre>
</body>
</html>
