ARM Linker, 5.03 [Build 76] [MDK-ARM Standard]

==============================================================================

Section Cross References

    gd32f3x0_it.o(i.SysTick_Handler) refers to systick.o(i.delay_decrement) for delay_decrement
    main.o(i.fputc) refers to gd32f3x0_usart.o(i.usart_data_transmit) for usart_data_transmit
    main.o(i.fputc) refers to gd32f3x0_usart.o(i.usart_flag_get) for usart_flag_get
    main.o(i.main) refers to memseta.o(.text) for __aeabi_memclr4
    main.o(i.main) refers to gd32f3x0_eval.o(i.gd_eval_com_init) for gd_eval_com_init
    main.o(i.main) refers to systick.o(i.systick_config) for systick_config
    main.o(i.main) refers to diskio.o(i.disk_initialize) for disk_initialize
    main.o(i.main) refers to gd32f3x0_rcu.o(i.rcu_clock_freq_get) for rcu_clock_freq_get
    main.o(i.main) refers to printf1.o(i.__0printf$1) for __2printf
    main.o(i.main) refers to systick.o(i.delay_1ms) for delay_1ms
    main.o(i.main) refers to main.o(.bss) for mfdir
    main.o(i.main) refers to system_gd32f3x0.o(.data) for SystemCoreClock
    systick.o(i.delay_1ms) refers to systick.o(.data) for delay
    systick.o(i.delay_decrement) refers to systick.o(.data) for delay
    systick.o(i.systick_config) refers to systick.o(i.NVIC_SetPriority) for NVIC_SetPriority
    systick.o(i.systick_config) refers to system_gd32f3x0.o(.data) for SystemCoreClock
    jumptocode.o(i.Iap_Load_App) refers to gd32f3x0_misc.o(i.nvic_vector_table_set) for nvic_vector_table_set
    jumptocode.o(i.Iap_Load_App) refers to jumptocode.o(.data) for JumpToApp
    spi_sd.o(i.sd_block_read) refers to gd32f3x0_gpio.o(i.gpio_bit_reset) for gpio_bit_reset
    spi_sd.o(i.sd_block_read) refers to spi_sd.o(i.sd_cmd_send) for sd_cmd_send
    spi_sd.o(i.sd_block_read) refers to spi_sd.o(i.sd_response_get) for sd_response_get
    spi_sd.o(i.sd_block_read) refers to spi_sd.o(i.spi_read) for spi_read
    spi_sd.o(i.sd_block_read) refers to gd32f3x0_gpio.o(i.gpio_bit_set) for gpio_bit_set
    spi_sd.o(i.sd_block_read) refers to spi_sd.o(i.spi_write) for spi_write
    spi_sd.o(i.sd_block_write) refers to gd32f3x0_gpio.o(i.gpio_bit_reset) for gpio_bit_reset
    spi_sd.o(i.sd_block_write) refers to spi_sd.o(i.sd_cmd_send) for sd_cmd_send
    spi_sd.o(i.sd_block_write) refers to spi_sd.o(i.spi_write) for spi_write
    spi_sd.o(i.sd_block_write) refers to spi_sd.o(i.spi_read) for spi_read
    spi_sd.o(i.sd_block_write) refers to spi_sd.o(i.sd_data_response_get) for sd_data_response_get
    spi_sd.o(i.sd_block_write) refers to gd32f3x0_gpio.o(i.gpio_bit_set) for gpio_bit_set
    spi_sd.o(i.sd_card_capacity_get) refers to spi_sd.o(i.sd_cid_register_get) for sd_cid_register_get
    spi_sd.o(i.sd_card_capacity_get) refers to spi_sd.o(i.sd_csd_register_get) for sd_csd_register_get
    spi_sd.o(i.sd_card_capacity_get) refers to spi_sd.o(.bss) for sd_cid_table
    spi_sd.o(i.sd_card_capacity_get) refers to spi_sd.o(.data) for cardcapacity
    spi_sd.o(i.sd_card_init) refers to spi_sd.o(i.spi_config) for spi_config
    spi_sd.o(i.sd_card_init) refers to gd32f3x0_gpio.o(i.gpio_bit_set) for gpio_bit_set
    spi_sd.o(i.sd_card_init) refers to spi_sd.o(i.spi_write) for spi_write
    spi_sd.o(i.sd_card_init) refers to gd32f3x0_gpio.o(i.gpio_bit_reset) for gpio_bit_reset
    spi_sd.o(i.sd_card_init) refers to spi_sd.o(i.sd_cmd_send) for sd_cmd_send
    spi_sd.o(i.sd_card_init) refers to spi_sd.o(i.spi_read) for spi_read
    spi_sd.o(i.sd_cid_register_get) refers to gd32f3x0_gpio.o(i.gpio_bit_reset) for gpio_bit_reset
    spi_sd.o(i.sd_cid_register_get) refers to spi_sd.o(i.sd_cmd_send) for sd_cmd_send
    spi_sd.o(i.sd_cid_register_get) refers to spi_sd.o(i.sd_response_get) for sd_response_get
    spi_sd.o(i.sd_cid_register_get) refers to spi_sd.o(i.spi_read) for spi_read
    spi_sd.o(i.sd_cid_register_get) refers to spi_sd.o(i.spi_write) for spi_write
    spi_sd.o(i.sd_cid_register_get) refers to gd32f3x0_gpio.o(i.gpio_bit_set) for gpio_bit_set
    spi_sd.o(i.sd_cmd_send) refers to spi_sd.o(i.spi_write) for spi_write
    spi_sd.o(i.sd_csd_register_get) refers to gd32f3x0_gpio.o(i.gpio_bit_reset) for gpio_bit_reset
    spi_sd.o(i.sd_csd_register_get) refers to spi_sd.o(i.sd_cmd_send) for sd_cmd_send
    spi_sd.o(i.sd_csd_register_get) refers to spi_sd.o(i.sd_response_get) for sd_response_get
    spi_sd.o(i.sd_csd_register_get) refers to spi_sd.o(i.spi_read) for spi_read
    spi_sd.o(i.sd_csd_register_get) refers to spi_sd.o(i.spi_write) for spi_write
    spi_sd.o(i.sd_csd_register_get) refers to gd32f3x0_gpio.o(i.gpio_bit_set) for gpio_bit_set
    spi_sd.o(i.sd_data_response_get) refers to spi_sd.o(i.spi_read) for spi_read
    spi_sd.o(i.sd_multiblocks_read) refers to gd32f3x0_gpio.o(i.gpio_bit_reset) for gpio_bit_reset
    spi_sd.o(i.sd_multiblocks_read) refers to spi_sd.o(i.sd_cmd_send) for sd_cmd_send
    spi_sd.o(i.sd_multiblocks_read) refers to spi_sd.o(i.sd_response_get) for sd_response_get
[...]
    Removing gd32f3x0_adc.o(i.adc_flag_clear), (16 bytes).
    Removing gd32f3x0_adc.o(i.adc_flag_get), (20 bytes).
    Removing gd32f3x0_adc.o(i.adc_inserted_channel_config), (140 bytes).
    Removing gd32f3x0_adc.o(i.adc_inserted_channel_offset_config), (44 bytes).
    Removing gd32f3x0_adc.o(i.adc_inserted_data_read), (64 bytes).
    Removing gd32f3x0_adc.o(i.adc_interrupt_disable), (60 bytes).
    Removing gd32f3x0_adc.o(i.adc_interrupt_enable), (60 bytes).
    Removing gd32f3x0_adc.o(i.adc_interrupt_flag_clear), (16 bytes).
    Removing gd32f3x0_adc.o(i.adc_interrupt_flag_get), (108 bytes).
    Removing gd32f3x0_adc.o(i.adc_oversample_mode_config), (64 bytes).
    Removing gd32f3x0_adc.o(i.adc_oversample_mode_disable), (20 bytes).
    Removing gd32f3x0_adc.o(i.adc_oversample_mode_enable), (20 bytes).
    Removing gd32f3x0_adc.o(i.adc_regular_channel_config), (212 bytes).
    Removing gd32f3x0_adc.o(i.adc_regular_data_read), (12 bytes).
    Removing gd32f3x0_adc.o(i.adc_resolution_config), (28 bytes).
    Removing gd32f3x0_adc.o(i.adc_software_trigger_enable), (44 bytes).
    Removing gd32f3x0_adc.o(i.adc_special_function_config), (128 bytes).
    Removing gd32f3x0_adc.o(i.adc_tempsensor_vrefint_disable), (20 bytes).
    Removing gd32f3x0_adc.o(i.adc_tempsensor_vrefint_enable), (20 bytes).
    Removing gd32f3x0_adc.o(i.adc_vbat_disable), (20 bytes).
    Removing gd32f3x0_adc.o(i.adc_vbat_enable), (20 bytes).
    Removing gd32f3x0_adc.o(i.adc_watchdog_disable), (24 bytes).
    Removing gd32f3x0_adc.o(i.adc_watchdog_group_channel_enable), (84 bytes).
    Removing gd32f3x0_adc.o(i.adc_watchdog_single_channel_enable), (48 bytes).
    Removing gd32f3x0_adc.o(i.adc_watchdog_threshold_config), (24 bytes).
    Removing gd32f3x0_cec.o(.rev16_text), (4 bytes).
    Removing gd32f3x0_cec.o(.revsh_text), (4 bytes).
    Removing gd32f3x0_cec.o(i.cec_data_receive), (12 bytes).
    Removing gd32f3x0_cec.o(i.cec_data_send), (12 bytes).
    Removing gd32f3x0_cec.o(i.cec_deinit), (20 bytes).
    Removing gd32f3x0_cec.o(i.cec_disable), (20 bytes).
    Removing gd32f3x0_cec.o(i.cec_enable), (20 bytes).
    Removing gd32f3x0_cec.o(i.cec_error_config), (56 bytes).
    Removing gd32f3x0_cec.o(i.cec_flag_clear), (16 bytes).
    Removing gd32f3x0_cec.o(i.cec_flag_get), (24 bytes).
    Removing gd32f3x0_cec.o(i.cec_generate_errorbit_config), (32 bytes).
    Removing gd32f3x0_cec.o(i.cec_init), (60 bytes).
    Removing gd32f3x0_cec.o(i.cec_interrupt_disable), (16 bytes).
    Removing gd32f3x0_cec.o(i.cec_interrupt_enable), (16 bytes).
    Removing gd32f3x0_cec.o(i.cec_interrupt_flag_clear), (12 bytes).
    Removing gd32f3x0_cec.o(i.cec_interrupt_flag_get), (40 bytes).
    Removing gd32f3x0_cec.o(i.cec_listen_mode_disable), (20 bytes).
    Removing gd32f3x0_cec.o(i.cec_listen_mode_enable), (20 bytes).
    Removing gd32f3x0_cec.o(i.cec_own_address_config), (36 bytes).
    Removing gd32f3x0_cec.o(i.cec_reception_tolerance_disable), (20 bytes).
    Removing gd32f3x0_cec.o(i.cec_reception_tolerance_enable), (20 bytes).
    Removing gd32f3x0_cec.o(i.cec_sft_config), (28 bytes).
    Removing gd32f3x0_cec.o(i.cec_stop_receive_bre_config), (36 bytes).
    Removing gd32f3x0_cec.o(i.cec_transmission_end), (20 bytes).
    Removing gd32f3x0_cec.o(i.cec_transmission_start), (20 bytes).
    Removing gd32f3x0_cmp.o(.rev16_text), (4 bytes).
    Removing gd32f3x0_cmp.o(.revsh_text), (4 bytes).
    Removing gd32f3x0_cmp.o(i.cmp_deinit), (12 bytes).
    Removing gd32f3x0_cmp.o(i.cmp_disable), (36 bytes).
    Removing gd32f3x0_cmp.o(i.cmp_enable), (36 bytes).
    Removing gd32f3x0_cmp.o(i.cmp_lock_disable), (36 bytes).
    Removing gd32f3x0_cmp.o(i.cmp_lock_enable), (36 bytes).
    Removing gd32f3x0_cmp.o(i.cmp_mode_init), (84 bytes).
    Removing gd32f3x0_cmp.o(i.cmp_output_init), (104 bytes).
    Removing gd32f3x0_cmp.o(i.cmp_output_level_get), (44 bytes).
    Removing gd32f3x0_cmp.o(i.cmp_switch_disable), (20 bytes).
    Removing gd32f3x0_cmp.o(i.cmp_switch_enable), (20 bytes).
    Removing gd32f3x0_cmp.o(i.cmp_window_disable), (20 bytes).
    Removing gd32f3x0_cmp.o(i.cmp_window_enable), (20 bytes).
    Removing gd32f3x0_crc.o(.rev16_text), (4 bytes).
    Removing gd32f3x0_crc.o(.revsh_text), (4 bytes).
    Removing gd32f3x0_crc.o(i.crc_block_data_calculate), (36 bytes).
    Removing gd32f3x0_crc.o(i.crc_data_register_read), (12 bytes).
    Removing gd32f3x0_crc.o(i.crc_data_register_reset), (20 bytes).
    Removing gd32f3x0_crc.o(i.crc_deinit), (32 bytes).
    Removing gd32f3x0_crc.o(i.crc_free_data_register_read), (12 bytes).
    Removing gd32f3x0_crc.o(i.crc_free_data_register_write), (12 bytes).
    Removing gd32f3x0_crc.o(i.crc_init_data_register_write), (12 bytes).
    Removing gd32f3x0_crc.o(i.crc_input_data_reverse_config), (28 bytes).
    Removing gd32f3x0_crc.o(i.crc_polynomial_set), (20 bytes).
    Removing gd32f3x0_crc.o(i.crc_polynomial_size_set), (28 bytes).
    Removing gd32f3x0_crc.o(i.crc_reverse_output_data_disable), (20 bytes).
    Removing gd32f3x0_crc.o(i.crc_reverse_output_data_enable), (28 bytes).
    Removing gd32f3x0_crc.o(i.crc_single_data_calculate), (16 bytes).
    Removing gd32f3x0_ctc.o(.rev16_text), (4 bytes).
    Removing gd32f3x0_ctc.o(.revsh_text), (4 bytes).
    Removing gd32f3x0_ctc.o(i.ctc_clock_limit_value_config), (36 bytes).
    Removing gd32f3x0_ctc.o(i.ctc_counter_capture_value_read), (16 bytes).
    Removing gd32f3x0_ctc.o(i.ctc_counter_direction_read), (20 bytes).
    Removing gd32f3x0_ctc.o(i.ctc_counter_disable), (20 bytes).
    Removing gd32f3x0_ctc.o(i.ctc_counter_enable), (20 bytes).
    Removing gd32f3x0_ctc.o(i.ctc_counter_reload_value_config), (28 bytes).
    Removing gd32f3x0_ctc.o(i.ctc_counter_reload_value_read), (16 bytes).
    Removing gd32f3x0_ctc.o(i.ctc_deinit), (20 bytes).
    Removing gd32f3x0_ctc.o(i.ctc_flag_clear), (36 bytes).
    Removing gd32f3x0_ctc.o(i.ctc_flag_get), (20 bytes).
    Removing gd32f3x0_ctc.o(i.ctc_hardware_trim_mode_config), (28 bytes).
    Removing gd32f3x0_ctc.o(i.ctc_interrupt_disable), (16 bytes).
    Removing gd32f3x0_ctc.o(i.ctc_interrupt_enable), (16 bytes).
    Removing gd32f3x0_ctc.o(i.ctc_interrupt_flag_clear), (36 bytes).
    Removing gd32f3x0_ctc.o(i.ctc_interrupt_flag_get), (56 bytes).
    Removing gd32f3x0_ctc.o(i.ctc_irc48m_trim_value_config), (36 bytes).
    Removing gd32f3x0_ctc.o(i.ctc_irc48m_trim_value_read), (16 bytes).
    Removing gd32f3x0_ctc.o(i.ctc_refsource_polarity_config), (28 bytes).
    Removing gd32f3x0_ctc.o(i.ctc_refsource_prescaler_config), (28 bytes).
    Removing gd32f3x0_ctc.o(i.ctc_refsource_signal_select), (28 bytes).
    Removing gd32f3x0_ctc.o(i.ctc_software_refsource_pulse_generate), (20 bytes).
    Removing gd32f3x0_dac.o(.rev16_text), (4 bytes).
    Removing gd32f3x0_dac.o(.revsh_text), (4 bytes).
    Removing gd32f3x0_dac.o(i.dac_data_set), (44 bytes).
    Removing gd32f3x0_dac.o(i.dac_deinit), (20 bytes).
    Removing gd32f3x0_dac.o(i.dac_disable), (20 bytes).
    Removing gd32f3x0_dac.o(i.dac_dma_disable), (20 bytes).
    Removing gd32f3x0_dac.o(i.dac_dma_enable), (20 bytes).
    Removing gd32f3x0_dac.o(i.dac_enable), (20 bytes).
    Removing gd32f3x0_dac.o(i.dac_flag_clear), (20 bytes).
    Removing gd32f3x0_dac.o(i.dac_flag_get), (24 bytes).
    Removing gd32f3x0_dac.o(i.dac_interrupt_disable), (20 bytes).
    Removing gd32f3x0_dac.o(i.dac_interrupt_enable), (20 bytes).
    Removing gd32f3x0_dac.o(i.dac_interrupt_flag_clear), (20 bytes).
    Removing gd32f3x0_dac.o(i.dac_interrupt_flag_get), (36 bytes).
    Removing gd32f3x0_dac.o(i.dac_lfsr_noise_config), (28 bytes).
    Removing gd32f3x0_dac.o(i.dac_output_buffer_disable), (20 bytes).
    Removing gd32f3x0_dac.o(i.dac_output_buffer_enable), (20 bytes).
    Removing gd32f3x0_dac.o(i.dac_output_value_get), (16 bytes).
    Removing gd32f3x0_dac.o(i.dac_software_trigger_disable), (20 bytes).
    Removing gd32f3x0_dac.o(i.dac_software_trigger_enable), (20 bytes).
    Removing gd32f3x0_dac.o(i.dac_triangle_noise_config), (28 bytes).
    Removing gd32f3x0_dac.o(i.dac_trigger_disable), (20 bytes).
    Removing gd32f3x0_dac.o(i.dac_trigger_enable), (20 bytes).
    Removing gd32f3x0_dac.o(i.dac_trigger_source_config), (28 bytes).
    Removing gd32f3x0_dac.o(i.dac_wave_bit_width_config), (28 bytes).
    Removing gd32f3x0_dac.o(i.dac_wave_mode_config), (28 bytes).
    Removing gd32f3x0_dbg.o(.rev16_text), (4 bytes).
    Removing gd32f3x0_dbg.o(.revsh_text), (4 bytes).
    Removing gd32f3x0_dbg.o(i.dbg_deinit), (16 bytes).
    Removing gd32f3x0_dbg.o(i.dbg_id_get), (12 bytes).
    Removing gd32f3x0_dbg.o(i.dbg_low_power_disable), (16 bytes).
    Removing gd32f3x0_dbg.o(i.dbg_low_power_enable), (16 bytes).
    Removing gd32f3x0_dbg.o(i.dbg_periph_disable), (32 bytes).
    Removing gd32f3x0_dbg.o(i.dbg_periph_enable), (32 bytes).
    Removing gd32f3x0_dma.o(.rev16_text), (4 bytes).
    Removing gd32f3x0_dma.o(.revsh_text), (4 bytes).
    Removing gd32f3x0_dma.o(i.dma_channel_disable), (32 bytes).
    Removing gd32f3x0_dma.o(i.dma_channel_enable), (32 bytes).
    Removing gd32f3x0_dma.o(i.dma_circulation_disable), (32 bytes).
    Removing gd32f3x0_dma.o(i.dma_circulation_enable), (32 bytes).
    Removing gd32f3x0_dma.o(i.dma_deinit), (80 bytes).
    Removing gd32f3x0_dma.o(i.dma_flag_clear), (24 bytes).
    Removing gd32f3x0_dma.o(i.dma_flag_get), (32 bytes).
    Removing gd32f3x0_dma.o(i.dma_init), (260 bytes).
    Removing gd32f3x0_dma.o(i.dma_interrupt_disable), (32 bytes).
    Removing gd32f3x0_dma.o(i.dma_interrupt_enable), (32 bytes).
    Removing gd32f3x0_dma.o(i.dma_interrupt_flag_clear), (24 bytes).
    Removing gd32f3x0_dma.o(i.dma_interrupt_flag_get), (132 bytes).
    Removing gd32f3x0_dma.o(i.dma_memory_address_config), (16 bytes).
    Removing gd32f3x0_dma.o(i.dma_memory_increase_disable), (32 bytes).
    Removing gd32f3x0_dma.o(i.dma_memory_increase_enable), (32 bytes).
    Removing gd32f3x0_dma.o(i.dma_memory_to_memory_disable), (32 bytes).
    Removing gd32f3x0_dma.o(i.dma_memory_to_memory_enable), (32 bytes).
    Removing gd32f3x0_dma.o(i.dma_memory_width_config), (36 bytes).
    Removing gd32f3x0_dma.o(i.dma_periph_address_config), (16 bytes).
    Removing gd32f3x0_dma.o(i.dma_periph_increase_disable), (32 bytes).
    Removing gd32f3x0_dma.o(i.dma_periph_increase_enable), (32 bytes).
    Removing gd32f3x0_dma.o(i.dma_periph_width_config), (36 bytes).
    Removing gd32f3x0_dma.o(i.dma_priority_config), (36 bytes).
    Removing gd32f3x0_dma.o(i.dma_transfer_direction_config), (60 bytes).
    Removing gd32f3x0_dma.o(i.dma_transfer_number_config), (20 bytes).
    Removing gd32f3x0_dma.o(i.dma_transfer_number_get), (20 bytes).
    Removing gd32f3x0_exti.o(.rev16_text), (4 bytes).
    Removing gd32f3x0_exti.o(.revsh_text), (4 bytes).
    Removing gd32f3x0_exti.o(i.exti_deinit), (36 bytes).
    Removing gd32f3x0_exti.o(i.exti_event_disable), (16 bytes).
    Removing gd32f3x0_exti.o(i.exti_event_enable), (16 bytes).
    Removing gd32f3x0_exti.o(i.exti_flag_clear), (12 bytes).
    Removing gd32f3x0_exti.o(i.exti_flag_get), (24 bytes).
    Removing gd32f3x0_exti.o(i.exti_init), (184 bytes).
    Removing gd32f3x0_exti.o(i.exti_interrupt_disable), (16 bytes).
    Removing gd32f3x0_exti.o(i.exti_interrupt_enable), (16 bytes).
    Removing gd32f3x0_exti.o(i.exti_interrupt_flag_clear), (12 bytes).
    Removing gd32f3x0_exti.o(i.exti_interrupt_flag_get), (36 bytes).
    Removing gd32f3x0_exti.o(i.exti_software_interrupt_disable), (16 bytes).
    Removing gd32f3x0_exti.o(i.exti_software_interrupt_enable), (16 bytes).
    Removing gd32f3x0_fmc.o(.rev16_text), (4 bytes).
    Removing gd32f3x0_fmc.o(.revsh_text), (4 bytes).
    Removing gd32f3x0_fmc.o(i.fmc_flag_clear), (12 bytes).
    Removing gd32f3x0_fmc.o(i.fmc_flag_get), (20 bytes).
    Removing gd32f3x0_fmc.o(i.fmc_halfword_program), (64 bytes).
    Removing gd32f3x0_fmc.o(i.fmc_interrupt_disable), (16 bytes).
    Removing gd32f3x0_fmc.o(i.fmc_interrupt_enable), (16 bytes).
    Removing gd32f3x0_fmc.o(i.fmc_lock), (20 bytes).
    Removing gd32f3x0_fmc.o(i.fmc_mass_erase), (68 bytes).
    Removing gd32f3x0_fmc.o(i.fmc_page_erase), (72 bytes).
    Removing gd32f3x0_fmc.o(i.fmc_ready_wait), (34 bytes).
    Removing gd32f3x0_fmc.o(i.fmc_state_get), (48 bytes).
    Removing gd32f3x0_fmc.o(i.fmc_unlock), (36 bytes).
    Removing gd32f3x0_fmc.o(i.fmc_wait_state_disable), (36 bytes).
    Removing gd32f3x0_fmc.o(i.fmc_wait_state_enable), (36 bytes).
    Removing gd32f3x0_fmc.o(i.fmc_word_program), (64 bytes).
    Removing gd32f3x0_fmc.o(i.fmc_word_reprogram), (80 bytes).
    Removing gd32f3x0_fmc.o(i.fmc_wscnt_set), (24 bytes).
    Removing gd32f3x0_fmc.o(i.ob_data_get), (12 bytes).
    Removing gd32f3x0_fmc.o(i.ob_data_program), (68 bytes).
    Removing gd32f3x0_fmc.o(i.ob_erase), (156 bytes).
    Removing gd32f3x0_fmc.o(i.ob_lock), (20 bytes).
    Removing gd32f3x0_fmc.o(i.ob_obstat_plevel_get), (16 bytes).
    Removing gd32f3x0_fmc.o(i.ob_reset), (20 bytes).
    Removing gd32f3x0_fmc.o(i.ob_security_protection_config), (144 bytes).
    Removing gd32f3x0_fmc.o(i.ob_unlock), (36 bytes).
    Removing gd32f3x0_fmc.o(i.ob_user_get), (16 bytes).
    Removing gd32f3x0_fmc.o(i.ob_user_write), (76 bytes).
    Removing gd32f3x0_fmc.o(i.ob_write_protection_enable), (104 bytes).
    Removing gd32f3x0_fmc.o(i.ob_write_protection_get), (12 bytes).
    Removing gd32f3x0_fwdgt.o(.rev16_text), (4 bytes).
    Removing gd32f3x0_fwdgt.o(.revsh_text), (4 bytes).
    Removing gd32f3x0_fwdgt.o(i.fwdgt_config), (104 bytes).
    Removing gd32f3x0_fwdgt.o(i.fwdgt_counter_reload), (16 bytes).
    Removing gd32f3x0_fwdgt.o(i.fwdgt_enable), (16 bytes).
    Removing gd32f3x0_fwdgt.o(i.fwdgt_flag_get), (24 bytes).
    Removing gd32f3x0_fwdgt.o(i.fwdgt_window_value_config), (64 bytes).
    Removing gd32f3x0_fwdgt.o(i.fwdgt_write_disable), (12 bytes).
    Removing gd32f3x0_gpio.o(.rev16_text), (4 bytes).
    Removing gd32f3x0_gpio.o(.revsh_text), (4 bytes).
    Removing gd32f3x0_gpio.o(i.gpio_bit_toggle), (4 bytes).
    Removing gd32f3x0_gpio.o(i.gpio_bit_write), (10 bytes).
    Removing gd32f3x0_gpio.o(i.gpio_deinit), (148 bytes).
    Removing gd32f3x0_gpio.o(i.gpio_input_bit_get), (16 bytes).
    Removing gd32f3x0_gpio.o(i.gpio_input_port_get), (8 bytes).
    Removing gd32f3x0_gpio.o(i.gpio_output_bit_get), (16 bytes).
    Removing gd32f3x0_gpio.o(i.gpio_output_port_get), (8 bytes).
    Removing gd32f3x0_gpio.o(i.gpio_pin_lock), (18 bytes).
    Removing gd32f3x0_gpio.o(i.gpio_port_toggle), (8 bytes).
    Removing gd32f3x0_gpio.o(i.gpio_port_write), (4 bytes).
    Removing gd32f3x0_i2c.o(.rev16_text), (4 bytes).
    Removing gd32f3x0_i2c.o(.revsh_text), (4 bytes).
    Removing gd32f3x0_i2c.o(i.i2c_ack_config), (24 bytes).
    Removing gd32f3x0_i2c.o(i.i2c_ackpos_config), (22 bytes).
    Removing gd32f3x0_i2c.o(i.i2c_clock_config), (300 bytes).
    Removing gd32f3x0_i2c.o(i.i2c_data_receive), (8 bytes).
    Removing gd32f3x0_i2c.o(i.i2c_data_transmit), (6 bytes).
    Removing gd32f3x0_i2c.o(i.i2c_deinit), (88 bytes).
    Removing gd32f3x0_i2c.o(i.i2c_disable), (10 bytes).
    Removing gd32f3x0_i2c.o(i.i2c_dma_enable), (16 bytes).
    Removing gd32f3x0_i2c.o(i.i2c_dma_last_transfer_enable), (16 bytes).
    Removing gd32f3x0_i2c.o(i.i2c_dualaddr_enable), (24 bytes).
    Removing gd32f3x0_i2c.o(i.i2c_enable), (10 bytes).
    Removing gd32f3x0_i2c.o(i.i2c_flag_clear), (18 bytes).
    Removing gd32f3x0_i2c.o(i.i2c_flag_get), (50 bytes).
    Removing gd32f3x0_i2c.o(i.i2c_interrupt_disable), (8 bytes).
    Removing gd32f3x0_i2c.o(i.i2c_interrupt_enable), (8 bytes).
    Removing gd32f3x0_i2c.o(i.i2c_interrupt_flag_clear), (18 bytes).
    Removing gd32f3x0_i2c.o(i.i2c_interrupt_flag_get), (96 bytes).
    Removing gd32f3x0_i2c.o(i.i2c_master_addressing), (20 bytes).
    Removing gd32f3x0_i2c.o(i.i2c_mode_addr_config), (24 bytes).
    Removing gd32f3x0_i2c.o(i.i2c_pec_enable), (16 bytes).
    Removing gd32f3x0_i2c.o(i.i2c_pec_transfer_enable), (16 bytes).
    Removing gd32f3x0_i2c.o(i.i2c_pec_value_get), (10 bytes).
    Removing gd32f3x0_i2c.o(i.i2c_slave_response_to_gcall_config), (16 bytes).
    Removing gd32f3x0_i2c.o(i.i2c_smbus_arp_enable), (16 bytes).
    Removing gd32f3x0_i2c.o(i.i2c_smbus_issue_alert), (16 bytes).
    Removing gd32f3x0_i2c.o(i.i2c_smbus_type_config), (24 bytes).
    Removing gd32f3x0_i2c.o(i.i2c_software_reset_config), (16 bytes).
    Removing gd32f3x0_i2c.o(i.i2c_start_on_bus), (10 bytes).
    Removing gd32f3x0_i2c.o(i.i2c_stop_on_bus), (10 bytes).
    Removing gd32f3x0_i2c.o(i.i2c_stretch_scl_low_config), (16 bytes).
    Removing gd32f3x0_misc.o(.rev16_text), (4 bytes).
    Removing gd32f3x0_misc.o(.revsh_text), (4 bytes).
    Removing gd32f3x0_misc.o(i.nvic_irq_disable), (24 bytes).
    Removing gd32f3x0_misc.o(i.nvic_irq_enable), (144 bytes).
    Removing gd32f3x0_misc.o(i.nvic_priority_group_set), (20 bytes).
    Removing gd32f3x0_misc.o(i.nvic_vector_table_set), (20 bytes).
    Removing gd32f3x0_misc.o(i.system_lowpower_reset), (16 bytes).
    Removing gd32f3x0_misc.o(i.system_lowpower_set), (16 bytes).
    Removing gd32f3x0_misc.o(i.systick_clksource_set), (40 bytes).
    Removing gd32f3x0_pmu.o(.rev16_text), (4 bytes).
    Removing gd32f3x0_pmu.o(.revsh_text), (4 bytes).
    Removing gd32f3x0_pmu.o(i.pmu_backup_write_disable), (20 bytes).
    Removing gd32f3x0_pmu.o(i.pmu_backup_write_enable), (20 bytes).
    Removing gd32f3x0_pmu.o(i.pmu_deinit), (20 bytes).
    Removing gd32f3x0_pmu.o(i.pmu_flag_clear), (44 bytes).
    Removing gd32f3x0_pmu.o(i.pmu_flag_get), (20 bytes).
    Removing gd32f3x0_pmu.o(i.pmu_highdriver_mode_disable), (20 bytes).
    Removing gd32f3x0_pmu.o(i.pmu_highdriver_mode_enable), (20 bytes).
    Removing gd32f3x0_pmu.o(i.pmu_highdriver_switch_select), (44 bytes).
    Removing gd32f3x0_pmu.o(i.pmu_ldo_output_select), (28 bytes).
    Removing gd32f3x0_pmu.o(i.pmu_lowdriver_mode_disable), (24 bytes).
    Removing gd32f3x0_pmu.o(i.pmu_lowdriver_mode_enable), (28 bytes).
    Removing gd32f3x0_pmu.o(i.pmu_lowpower_driver_config), (28 bytes).
    Removing gd32f3x0_pmu.o(i.pmu_lvd_disable), (20 bytes).
    Removing gd32f3x0_pmu.o(i.pmu_lvd_select), (48 bytes).
    Removing gd32f3x0_pmu.o(i.pmu_normalpower_driver_config), (28 bytes).
    Removing gd32f3x0_pmu.o(i.pmu_to_deepsleepmode), (68 bytes).
    Removing gd32f3x0_pmu.o(i.pmu_to_sleepmode), (28 bytes).
    Removing gd32f3x0_pmu.o(i.pmu_to_standbymode), (52 bytes).
    Removing gd32f3x0_pmu.o(i.pmu_wakeup_pin_disable), (16 bytes).
    Removing gd32f3x0_pmu.o(i.pmu_wakeup_pin_enable), (16 bytes).
    Removing gd32f3x0_rcu.o(.rev16_text), (4 bytes).
    Removing gd32f3x0_rcu.o(.revsh_text), (4 bytes).
    Removing gd32f3x0_rcu.o(i.rcu_adc_clock_config), (332 bytes).
    Removing gd32f3x0_rcu.o(i.rcu_ahb_clock_config), (28 bytes).
    Removing gd32f3x0_rcu.o(i.rcu_all_reset_flag_clear), (20 bytes).
    Removing gd32f3x0_rcu.o(i.rcu_apb1_clock_config), (28 bytes).
    Removing gd32f3x0_rcu.o(i.rcu_apb2_clock_config), (28 bytes).
    Removing gd32f3x0_rcu.o(i.rcu_bkp_reset_disable), (20 bytes).
    Removing gd32f3x0_rcu.o(i.rcu_bkp_reset_enable), (20 bytes).
    Removing gd32f3x0_rcu.o(i.rcu_cec_clock_config), (28 bytes).
    Removing gd32f3x0_rcu.o(i.rcu_ck48m_clock_config), (28 bytes).
    Removing gd32f3x0_rcu.o(i.rcu_ckout_config), (28 bytes).
    Removing gd32f3x0_rcu.o(i.rcu_deepsleep_voltage_set), (40 bytes).
    Removing gd32f3x0_rcu.o(i.rcu_deinit), (196 bytes).
    Removing gd32f3x0_rcu.o(i.rcu_flag_get), (36 bytes).
    Removing gd32f3x0_rcu.o(i.rcu_hxtal_clock_monitor_disable), (20 bytes).
    Removing gd32f3x0_rcu.o(i.rcu_hxtal_clock_monitor_enable), (20 bytes).
    Removing gd32f3x0_rcu.o(i.rcu_hxtal_prediv_config), (24 bytes).
    Removing gd32f3x0_rcu.o(i.rcu_interrupt_disable), (32 bytes).
    Removing gd32f3x0_rcu.o(i.rcu_interrupt_enable), (32 bytes).
    Removing gd32f3x0_rcu.o(i.rcu_interrupt_flag_clear), (32 bytes).
    Removing gd32f3x0_rcu.o(i.rcu_interrupt_flag_get), (36 bytes).
    Removing gd32f3x0_rcu.o(i.rcu_irc28m_adjust_value_set), (24 bytes).
    Removing gd32f3x0_rcu.o(i.rcu_irc8m_adjust_value_set), (24 bytes).
    Removing gd32f3x0_rcu.o(i.rcu_lxtal_drive_capability_config), (28 bytes).
    Removing gd32f3x0_rcu.o(i.rcu_osci_bypass_mode_disable), (108 bytes).
    Removing gd32f3x0_rcu.o(i.rcu_osci_bypass_mode_enable), (108 bytes).
    Removing gd32f3x0_rcu.o(i.rcu_osci_off), (32 bytes).
    Removing gd32f3x0_rcu.o(i.rcu_osci_on), (32 bytes).
    Removing gd32f3x0_rcu.o(i.rcu_osci_stab_wait), (312 bytes).
    Removing gd32f3x0_rcu.o(i.rcu_periph_clock_disable), (32 bytes).
    Removing gd32f3x0_rcu.o(i.rcu_periph_clock_sleep_disable), (32 bytes).
    Removing gd32f3x0_rcu.o(i.rcu_periph_clock_sleep_enable), (32 bytes).
    Removing gd32f3x0_rcu.o(i.rcu_pll_config), (64 bytes).
    Removing gd32f3x0_rcu.o(i.rcu_pll_preselection_config), (28 bytes).
    Removing gd32f3x0_rcu.o(i.rcu_rtc_clock_config), (28 bytes).
    Removing gd32f3x0_rcu.o(i.rcu_system_clock_source_config), (28 bytes).
    Removing gd32f3x0_rcu.o(i.rcu_system_clock_source_get), (16 bytes).
    Removing gd32f3x0_rcu.o(i.rcu_usart_clock_config), (28 bytes).
    Removing gd32f3x0_rcu.o(i.rcu_usbfs_clock_config), (56 bytes).
    Removing gd32f3x0_rcu.o(i.rcu_voltage_key_unlock), (44 bytes).
    Removing gd32f3x0_rtc.o(.rev16_text), (4 bytes).
    Removing gd32f3x0_rtc.o(.revsh_text), (4 bytes).
    Removing gd32f3x0_rtc.o(i.rtc_alarm_config), (84 bytes).
    Removing gd32f3x0_rtc.o(i.rtc_alarm_disable), (80 bytes).
    Removing gd32f3x0_rtc.o(i.rtc_alarm_enable), (40 bytes).
    Removing gd32f3x0_rtc.o(i.rtc_alarm_get), (56 bytes).
    Removing gd32f3x0_rtc.o(i.rtc_alarm_subsecond_config), (32 bytes).
    Removing gd32f3x0_rtc.o(i.rtc_alarm_subsecond_get), (16 bytes).
    Removing gd32f3x0_rtc.o(i.rtc_alter_output_config), (76 bytes).
    Removing gd32f3x0_rtc.o(i.rtc_bypass_shadow_disable), (40 bytes).
    Removing gd32f3x0_rtc.o(i.rtc_bypass_shadow_enable), (40 bytes).
    Removing gd32f3x0_rtc.o(i.rtc_calibration_config), (76 bytes).
    Removing gd32f3x0_rtc.o(i.rtc_current_time_get), (100 bytes).
    Removing gd32f3x0_rtc.o(i.rtc_deinit), (128 bytes).
    Removing gd32f3x0_rtc.o(i.rtc_flag_clear), (16 bytes).
    Removing gd32f3x0_rtc.o(i.rtc_flag_get), (20 bytes).
    Removing gd32f3x0_rtc.o(i.rtc_hour_adjust), (36 bytes).
    Removing gd32f3x0_rtc.o(i.rtc_init), (196 bytes).
    Removing gd32f3x0_rtc.o(i.rtc_init_mode_enter), (68 bytes).
    Removing gd32f3x0_rtc.o(i.rtc_init_mode_exit), (20 bytes).
    Removing gd32f3x0_rtc.o(i.rtc_interrupt_disable), (60 bytes).
    Removing gd32f3x0_rtc.o(i.rtc_interrupt_enable), (60 bytes).
    Removing gd32f3x0_rtc.o(i.rtc_refclock_detection_disable), (56 bytes).
    Removing gd32f3x0_rtc.o(i.rtc_refclock_detection_enable), (56 bytes).
    Removing gd32f3x0_rtc.o(i.rtc_register_sync_wait), (96 bytes).
    Removing gd32f3x0_rtc.o(i.rtc_second_ajust), (108 bytes).
    Removing gd32f3x0_rtc.o(i.rtc_subsecond_get), (20 bytes).
    Removing gd32f3x0_rtc.o(i.rtc_tamper_disable), (16 bytes).
    Removing gd32f3x0_rtc.o(i.rtc_tamper_enable), (164 bytes).
    Removing gd32f3x0_rtc.o(i.rtc_timestamp_disable), (40 bytes).
    Removing gd32f3x0_rtc.o(i.rtc_timestamp_enable), (48 bytes).
    Removing gd32f3x0_rtc.o(i.rtc_timestamp_get), (60 bytes).
    Removing gd32f3x0_rtc.o(i.rtc_timestamp_subsecond_get), (12 bytes).
    Removing gd32f3x0_spi.o(.rev16_text), (4 bytes).
    Removing gd32f3x0_spi.o(.revsh_text), (4 bytes).
    Removing gd32f3x0_spi.o(i.i2s_disable), (10 bytes).
    Removing gd32f3x0_spi.o(i.i2s_enable), (10 bytes).
    Removing gd32f3x0_spi.o(i.i2s_init), (28 bytes).
    Removing gd32f3x0_spi.o(i.i2s_psc_config), (164 bytes).
    Removing gd32f3x0_spi.o(i.qspi_disable), (14 bytes).
    Removing gd32f3x0_spi.o(i.qspi_enable), (14 bytes).
    Removing gd32f3x0_spi.o(i.qspi_io23_output_disable), (14 bytes).
    Removing gd32f3x0_spi.o(i.qspi_io23_output_enable), (14 bytes).
    Removing gd32f3x0_spi.o(i.qspi_read_enable), (14 bytes).
    Removing gd32f3x0_spi.o(i.qspi_write_enable), (14 bytes).
    Removing gd32f3x0_spi.o(i.spi_bidirectional_transfer_config), (26 bytes).
    Removing gd32f3x0_spi.o(i.spi_crc_error_clear), (10 bytes).
    Removing gd32f3x0_spi.o(i.spi_crc_get), (16 bytes).
    Removing gd32f3x0_spi.o(i.spi_crc_next), (10 bytes).
    Removing gd32f3x0_spi.o(i.spi_crc_off), (10 bytes).
    Removing gd32f3x0_spi.o(i.spi_crc_on), (10 bytes).
    Removing gd32f3x0_spi.o(i.spi_crc_polynomial_get), (8 bytes).
    Removing gd32f3x0_spi.o(i.spi_crc_polynomial_set), (4 bytes).
    Removing gd32f3x0_spi.o(i.spi_disable), (10 bytes).
    Removing gd32f3x0_spi.o(i.spi_dma_disable), (22 bytes).
    Removing gd32f3x0_spi.o(i.spi_dma_enable), (22 bytes).
    Removing gd32f3x0_spi.o(i.spi_i2s_data_frame_format_config), (16 bytes).
    Removing gd32f3x0_spi.o(i.spi_i2s_deinit), (88 bytes).
    Removing gd32f3x0_spi.o(i.spi_i2s_interrupt_disable), (48 bytes).
    Removing gd32f3x0_spi.o(i.spi_i2s_interrupt_enable), (48 bytes).
    Removing gd32f3x0_spi.o(i.spi_i2s_interrupt_flag_get), (112 bytes).
    Removing gd32f3x0_spi.o(i.spi_nss_internal_high), (10 bytes).
    Removing gd32f3x0_spi.o(i.spi_nss_internal_low), (10 bytes).
    Removing gd32f3x0_spi.o(i.spi_nss_output_disable), (10 bytes).
    Removing gd32f3x0_spi.o(i.spi_nss_output_enable), (10 bytes).
    Removing gd32f3x0_spi.o(i.spi_nssp_mode_disable), (10 bytes).
    Removing gd32f3x0_spi.o(i.spi_nssp_mode_enable), (10 bytes).
    Removing gd32f3x0_spi.o(i.spi_ti_mode_disable), (10 bytes).
    Removing gd32f3x0_spi.o(i.spi_ti_mode_enable), (10 bytes).
    Removing gd32f3x0_syscfg.o(.rev16_text), (4 bytes).
    Removing gd32f3x0_syscfg.o(.revsh_text), (4 bytes).
    Removing gd32f3x0_syscfg.o(i.syscfg_compensation_config), (24 bytes).
    Removing gd32f3x0_syscfg.o(i.syscfg_cps_rdy_flag_get), (24 bytes).
    Removing gd32f3x0_syscfg.o(i.syscfg_deinit), (20 bytes).
    Removing gd32f3x0_syscfg.o(i.syscfg_dma_remap_disable), (16 bytes).
    Removing gd32f3x0_syscfg.o(i.syscfg_dma_remap_enable), (16 bytes).
    Removing gd32f3x0_syscfg.o(i.syscfg_exti_line_config), (160 bytes).
    Removing gd32f3x0_syscfg.o(i.syscfg_flag_clear), (16 bytes).
    Removing gd32f3x0_syscfg.o(i.syscfg_flag_get), (24 bytes).
    Removing gd32f3x0_syscfg.o(i.syscfg_high_current_disable), (20 bytes).
    Removing gd32f3x0_syscfg.o(i.syscfg_high_current_enable), (20 bytes).
    Removing gd32f3x0_syscfg.o(i.syscfg_lock_config), (16 bytes).
    Removing gd32f3x0_timer.o(.rev16_text), (4 bytes).
    Removing gd32f3x0_timer.o(.revsh_text), (4 bytes).
    Removing gd32f3x0_timer.o(i.timer_auto_reload_shadow_disable), (10 bytes).
    Removing gd32f3x0_timer.o(i.timer_auto_reload_shadow_enable), (10 bytes).
    Removing gd32f3x0_timer.o(i.timer_automatic_output_disable), (10 bytes).
    Removing gd32f3x0_timer.o(i.timer_automatic_output_enable), (10 bytes).
    Removing gd32f3x0_timer.o(i.timer_autoreload_value_config), (4 bytes).
    Removing gd32f3x0_timer.o(i.timer_break_config), (30 bytes).
    Removing gd32f3x0_timer.o(i.timer_break_disable), (10 bytes).
    Removing gd32f3x0_timer.o(i.timer_break_enable), (10 bytes).
    Removing gd32f3x0_timer.o(i.timer_channel_capture_value_register_read), (42 bytes).
    Removing gd32f3x0_timer.o(i.timer_channel_complementary_output_polarity_config), (92 bytes).
    Removing gd32f3x0_timer.o(i.timer_channel_complementary_output_state_config), (70 bytes).
    Removing gd32f3x0_timer.o(i.timer_channel_control_shadow_config), (24 bytes).
    Removing gd32f3x0_timer.o(i.timer_channel_control_shadow_update_config), (26 bytes).
    Removing gd32f3x0_timer.o(i.timer_channel_dma_request_source_select), (26 bytes).
    Removing gd32f3x0_timer.o(i.timer_channel_input_capture_prescaler_config), (90 bytes).
    Removing gd32f3x0_timer.o(i.timer_channel_output_clear_config), (90 bytes).
    Removing gd32f3x0_timer.o(i.timer_channel_output_config), (520 bytes).
    Removing gd32f3x0_timer.o(i.timer_channel_output_fast_config), (90 bytes).
    Removing gd32f3x0_timer.o(i.timer_channel_output_mode_config), (90 bytes).
    Removing gd32f3x0_timer.o(i.timer_channel_output_polarity_config), (92 bytes).
    Removing gd32f3x0_timer.o(i.timer_channel_output_pulse_value_config), (38 bytes).
    Removing gd32f3x0_timer.o(i.timer_channel_output_shadow_config), (90 bytes).
    Removing gd32f3x0_timer.o(i.timer_channel_output_state_config), (92 bytes).
    Removing gd32f3x0_timer.o(i.timer_channel_remap_config), (4 bytes).
    Removing gd32f3x0_timer.o(i.timer_counter_alignment), (16 bytes).
    Removing gd32f3x0_timer.o(i.timer_counter_down_direction), (10 bytes).
    Removing gd32f3x0_timer.o(i.timer_counter_read), (8 bytes).
    Removing gd32f3x0_timer.o(i.timer_counter_up_direction), (10 bytes).
    Removing gd32f3x0_timer.o(i.timer_counter_value_config), (4 bytes).
    Removing gd32f3x0_timer.o(i.timer_deinit), (220 bytes).
    Removing gd32f3x0_timer.o(i.timer_disable), (10 bytes).
    Removing gd32f3x0_timer.o(i.timer_dma_disable), (8 bytes).
    Removing gd32f3x0_timer.o(i.timer_dma_enable), (8 bytes).
    Removing gd32f3x0_timer.o(i.timer_dma_transfer_config), (24 bytes).
    Removing gd32f3x0_timer.o(i.timer_enable), (10 bytes).
    Removing gd32f3x0_timer.o(i.timer_event_software_generate), (8 bytes).
    Removing gd32f3x0_timer.o(i.timer_external_clock_mode0_config), (40 bytes).
    Removing gd32f3x0_timer.o(i.timer_external_clock_mode1_config), (32 bytes).
    Removing gd32f3x0_timer.o(i.timer_external_clock_mode1_disable), (10 bytes).
    Removing gd32f3x0_timer.o(i.timer_external_trigger_as_external_clock_config), (164 bytes).
    Removing gd32f3x0_timer.o(i.timer_external_trigger_config), (30 bytes).
    Removing gd32f3x0_timer.o(i.timer_flag_clear), (8 bytes).
    Removing gd32f3x0_timer.o(i.timer_flag_get), (16 bytes).
    Removing gd32f3x0_timer.o(i.timer_hall_mode_config), (26 bytes).
    Removing gd32f3x0_timer.o(i.timer_init), (172 bytes).
    Removing gd32f3x0_timer.o(i.timer_input_capture_config), (326 bytes).
    Removing gd32f3x0_timer.o(i.timer_input_pwm_capture_config), (356 bytes).
    Removing gd32f3x0_timer.o(i.timer_input_trigger_source_select), (16 bytes).
    Removing gd32f3x0_timer.o(i.timer_internal_clock_config), (10 bytes).
    Removing gd32f3x0_timer.o(i.timer_internal_trigger_as_external_clock_config), (32 bytes).
    Removing gd32f3x0_timer.o(i.timer_interrupt_disable), (8 bytes).
    Removing gd32f3x0_timer.o(i.timer_interrupt_enable), (8 bytes).
    Removing gd32f3x0_timer.o(i.timer_interrupt_flag_clear), (8 bytes).
    Removing gd32f3x0_timer.o(i.timer_interrupt_flag_get), (24 bytes).
    Removing gd32f3x0_timer.o(i.timer_master_output_trigger_source_select), (16 bytes).
    Removing gd32f3x0_timer.o(i.timer_master_slave_mode_config), (26 bytes).
    Removing gd32f3x0_timer.o(i.timer_ocpre_clear_source_config), (26 bytes).
    Removing gd32f3x0_timer.o(i.timer_output_value_selection_config), (34 bytes).
    Removing gd32f3x0_timer.o(i.timer_prescaler_config), (14 bytes).
    Removing gd32f3x0_timer.o(i.timer_prescaler_read), (10 bytes).
    Removing gd32f3x0_timer.o(i.timer_primary_output_config), (24 bytes).
    Removing gd32f3x0_timer.o(i.timer_quadrature_decoder_mode_config), (64 bytes).
    Removing gd32f3x0_timer.o(i.timer_repetition_value_config), (4 bytes).
    Removing gd32f3x0_timer.o(i.timer_single_pulse_mode_config), (26 bytes).
    Removing gd32f3x0_timer.o(i.timer_slave_mode_select), (16 bytes).
    Removing gd32f3x0_timer.o(i.timer_update_event_disable), (10 bytes).
    Removing gd32f3x0_timer.o(i.timer_update_event_enable), (10 bytes).
    Removing gd32f3x0_timer.o(i.timer_update_source_config), (26 bytes).
    Removing gd32f3x0_timer.o(i.timer_write_cc_register_config), (34 bytes).
    Removing gd32f3x0_tsi.o(.rev16_text), (4 bytes).
    Removing gd32f3x0_tsi.o(.revsh_text), (4 bytes).
    Removing gd32f3x0_tsi.o(i.tsi_analog_off), (16 bytes).
    Removing gd32f3x0_tsi.o(i.tsi_analog_on), (16 bytes).
    Removing gd32f3x0_tsi.o(i.tsi_channel_pin_disable), (16 bytes).
    Removing gd32f3x0_tsi.o(i.tsi_channel_pin_enable), (16 bytes).
    Removing gd32f3x0_tsi.o(i.tsi_deinit), (20 bytes).
    Removing gd32f3x0_tsi.o(i.tsi_disable), (20 bytes).
    Removing gd32f3x0_tsi.o(i.tsi_enable), (20 bytes).
    Removing gd32f3x0_tsi.o(i.tsi_extend_charge_config), (168 bytes).
    Removing gd32f3x0_tsi.o(i.tsi_flag_clear), (16 bytes).
    Removing gd32f3x0_tsi.o(i.tsi_flag_get), (24 bytes).
    Removing gd32f3x0_tsi.o(i.tsi_group0_cycle_get), (12 bytes).
    Removing gd32f3x0_tsi.o(i.tsi_group1_cycle_get), (12 bytes).
    Removing gd32f3x0_tsi.o(i.tsi_group2_cycle_get), (12 bytes).
    Removing gd32f3x0_tsi.o(i.tsi_group3_cycle_get), (12 bytes).
    Removing gd32f3x0_tsi.o(i.tsi_group4_cycle_get), (12 bytes).
    Removing gd32f3x0_tsi.o(i.tsi_group5_cycle_get), (12 bytes).
    Removing gd32f3x0_tsi.o(i.tsi_group_disable), (16 bytes).
    Removing gd32f3x0_tsi.o(i.tsi_group_enable), (16 bytes).
    Removing gd32f3x0_tsi.o(i.tsi_group_status_get), (24 bytes).
    Removing gd32f3x0_tsi.o(i.tsi_hardware_mode_config), (56 bytes).
    Removing gd32f3x0_tsi.o(i.tsi_hysteresis_off), (16 bytes).
    Removing gd32f3x0_tsi.o(i.tsi_hysteresis_on), (16 bytes).
    Removing gd32f3x0_tsi.o(i.tsi_init), (112 bytes).
    Removing gd32f3x0_tsi.o(i.tsi_interrupt_disable), (16 bytes).
    Removing gd32f3x0_tsi.o(i.tsi_interrupt_enable), (16 bytes).
    Removing gd32f3x0_tsi.o(i.tsi_interrupt_flag_clear), (16 bytes).
    Removing gd32f3x0_tsi.o(i.tsi_interrupt_flag_get), (72 bytes).
    Removing gd32f3x0_tsi.o(i.tsi_max_number_config), (32 bytes).
    Removing gd32f3x0_tsi.o(i.tsi_pin_mode_config), (44 bytes).
    Removing gd32f3x0_tsi.o(i.tsi_plus_config), (108 bytes).
    Removing gd32f3x0_tsi.o(i.tsi_sample_pin_disable), (28 bytes).
    Removing gd32f3x0_tsi.o(i.tsi_sample_pin_enable), (28 bytes).
    Removing gd32f3x0_tsi.o(i.tsi_sofeware_mode_config), (28 bytes).
    Removing gd32f3x0_tsi.o(i.tsi_software_start), (20 bytes).
    Removing gd32f3x0_tsi.o(i.tsi_software_stop), (20 bytes).
    Removing gd32f3x0_usart.o(.rev16_text), (4 bytes).
    Removing gd32f3x0_usart.o(.revsh_text), (4 bytes).
    Removing gd32f3x0_usart.o(i.usart_address_config), (32 bytes).
    Removing gd32f3x0_usart.o(i.usart_address_detection_mode_config), (28 bytes).
    Removing gd32f3x0_usart.o(i.usart_autobaud_detection_disable), (10 bytes).
    Removing gd32f3x0_usart.o(i.usart_autobaud_detection_enable), (10 bytes).
    Removing gd32f3x0_usart.o(i.usart_autobaud_detection_mode_config), (16 bytes).
    Removing gd32f3x0_usart.o(i.usart_block_length_config), (24 bytes).
    Removing gd32f3x0_usart.o(i.usart_clock_disable), (18 bytes).
    Removing gd32f3x0_usart.o(i.usart_clock_enable), (18 bytes).
    Removing gd32f3x0_usart.o(i.usart_command_enable), (8 bytes).
    Removing gd32f3x0_usart.o(i.usart_data_first_config), (28 bytes).
    Removing gd32f3x0_usart.o(i.usart_data_receive), (10 bytes).
    Removing gd32f3x0_usart.o(i.usart_depolarity_config), (28 bytes).
    Removing gd32f3x0_usart.o(i.usart_disable), (10 bytes).
    Removing gd32f3x0_usart.o(i.usart_dma_receive_config), (16 bytes).
    Removing gd32f3x0_usart.o(i.usart_dma_transmit_config), (16 bytes).
    Removing gd32f3x0_usart.o(i.usart_driver_assertime_config), (32 bytes).
    Removing gd32f3x0_usart.o(i.usart_driver_deassertime_config), (32 bytes).
    Removing gd32f3x0_usart.o(i.usart_flag_clear), (18 bytes).
    Removing gd32f3x0_usart.o(i.usart_guard_time_config), (32 bytes).
    Removing gd32f3x0_usart.o(i.usart_halfduplex_disable), (18 bytes).
    Removing gd32f3x0_usart.o(i.usart_halfduplex_enable), (18 bytes).
    Removing gd32f3x0_usart.o(i.usart_hardware_flow_cts_config), (24 bytes).
    Removing gd32f3x0_usart.o(i.usart_hardware_flow_rts_config), (24 bytes).
    Removing gd32f3x0_usart.o(i.usart_interrupt_disable), (26 bytes).
    Removing gd32f3x0_usart.o(i.usart_interrupt_enable), (26 bytes).
    Removing gd32f3x0_usart.o(i.usart_interrupt_flag_clear), (18 bytes).
    Removing gd32f3x0_usart.o(i.usart_interrupt_flag_get), (56 bytes).
    Removing gd32f3x0_usart.o(i.usart_invert_config), (110 bytes).
    Removing gd32f3x0_usart.o(i.usart_irda_lowpower_config), (20 bytes).
    Removing gd32f3x0_usart.o(i.usart_irda_mode_disable), (18 bytes).
    Removing gd32f3x0_usart.o(i.usart_irda_mode_enable), (18 bytes).
    Removing gd32f3x0_usart.o(i.usart_lin_break_dection_length_config), (20 bytes).
    Removing gd32f3x0_usart.o(i.usart_lin_mode_disable), (18 bytes).
    Removing gd32f3x0_usart.o(i.usart_lin_mode_enable), (18 bytes).
    Removing gd32f3x0_usart.o(i.usart_mute_mode_disable), (10 bytes).
    Removing gd32f3x0_usart.o(i.usart_mute_mode_enable), (10 bytes).
    Removing gd32f3x0_usart.o(i.usart_mute_mode_wakeup_config), (24 bytes).
    Removing gd32f3x0_usart.o(i.usart_overrun_disable), (18 bytes).
    Removing gd32f3x0_usart.o(i.usart_overrun_enable), (18 bytes).
    Removing gd32f3x0_usart.o(i.usart_oversample_config), (24 bytes).
    Removing gd32f3x0_usart.o(i.usart_parity_config), (24 bytes).
    Removing gd32f3x0_usart.o(i.usart_prescaler_config), (24 bytes).
    Removing gd32f3x0_usart.o(i.usart_receive_fifo_counter_number), (12 bytes).
    Removing gd32f3x0_usart.o(i.usart_receive_fifo_disable), (14 bytes).
    Removing gd32f3x0_usart.o(i.usart_receive_fifo_enable), (14 bytes).
    Removing gd32f3x0_usart.o(i.usart_receiver_timeout_config), (16 bytes).
    Removing gd32f3x0_usart.o(i.usart_receiver_timeout_disable), (10 bytes).
    Removing gd32f3x0_usart.o(i.usart_receiver_timeout_enable), (10 bytes).
    Removing gd32f3x0_usart.o(i.usart_reception_error_dma_disable), (18 bytes).
    Removing gd32f3x0_usart.o(i.usart_reception_error_dma_enable), (18 bytes).
    Removing gd32f3x0_usart.o(i.usart_rs485_driver_disable), (18 bytes).
    Removing gd32f3x0_usart.o(i.usart_rs485_driver_enable), (18 bytes).
    Removing gd32f3x0_usart.o(i.usart_sample_bit_config), (24 bytes).
    Removing gd32f3x0_usart.o(i.usart_smartcard_autoretry_config), (32 bytes).
    Removing gd32f3x0_usart.o(i.usart_smartcard_mode_disable), (18 bytes).
    Removing gd32f3x0_usart.o(i.usart_smartcard_mode_early_nack_disable), (14 bytes).
    Removing gd32f3x0_usart.o(i.usart_smartcard_mode_early_nack_enable), (14 bytes).
    Removing gd32f3x0_usart.o(i.usart_smartcard_mode_enable), (18 bytes).
    Removing gd32f3x0_usart.o(i.usart_smartcard_mode_nack_disable), (18 bytes).
    Removing gd32f3x0_usart.o(i.usart_smartcard_mode_nack_enable), (18 bytes).
    Removing gd32f3x0_usart.o(i.usart_stop_bit_set), (24 bytes).
    Removing gd32f3x0_usart.o(i.usart_synchronous_clock_config), (50 bytes).
    Removing gd32f3x0_usart.o(i.usart_wakeup_disable), (10 bytes).
    Removing gd32f3x0_usart.o(i.usart_wakeup_enable), (10 bytes).
    Removing gd32f3x0_usart.o(i.usart_wakeup_mode_config), (28 bytes).
    Removing gd32f3x0_usart.o(i.usart_word_length_set), (24 bytes).
    Removing gd32f3x0_wwdgt.o(.rev16_text), (4 bytes).
    Removing gd32f3x0_wwdgt.o(.revsh_text), (4 bytes).
    Removing gd32f3x0_wwdgt.o(i.wwdgt_config), (56 bytes).
    Removing gd32f3x0_wwdgt.o(i.wwdgt_counter_update), (28 bytes).
    Removing gd32f3x0_wwdgt.o(i.wwdgt_deinit), (20 bytes).
    Removing gd32f3x0_wwdgt.o(i.wwdgt_enable), (20 bytes).
    Removing gd32f3x0_wwdgt.o(i.wwdgt_flag_clear), (20 bytes).
    Removing gd32f3x0_wwdgt.o(i.wwdgt_flag_get), (24 bytes).
    Removing gd32f3x0_wwdgt.o(i.wwdgt_interrupt_enable), (20 bytes).
    Removing startup_gd32f3x0.o(HEAP), (1024 bytes).
    Removing gd32f3x0_eval.o(.rev16_text), (4 bytes).
    Removing gd32f3x0_eval.o(.revsh_text), (4 bytes).
    Removing gd32f3x0_eval.o(i.gd_eval_key_init), (128 bytes).
    Removing gd32f3x0_eval.o(i.gd_eval_key_state_get), (32 bytes).
    Removing gd32f3x0_eval.o(i.gd_eval_led_init), (84 bytes).
    Removing gd32f3x0_eval.o(i.gd_eval_led_off), (24 bytes).
    Removing gd32f3x0_eval.o(i.gd_eval_led_on), (24 bytes).
    Removing gd32f3x0_eval.o(i.gd_eval_led_toggle), (24 bytes).
    Removing ff.o(.rev16_text), (4 bytes).
    Removing ff.o(.revsh_text), (4 bytes).
    Removing ff.o(i.check_fs), (124 bytes).
    Removing ff.o(i.chk_chr), (20 bytes).
    Removing ff.o(i.clmt_clust), (50 bytes).
    Removing ff.o(i.clst2sect), (26 bytes).
    Removing ff.o(i.create_chain), (288 bytes).
    Removing ff.o(i.create_name), (356 bytes).
    Removing ff.o(i.dbc_1st), (12 bytes).
    Removing ff.o(i.dbc_2nd), (12 bytes).
    Removing ff.o(i.dir_alloc), (96 bytes).
    Removing ff.o(i.dir_clear), (96 bytes).
    Removing ff.o(i.dir_find), (108 bytes).
    Removing ff.o(i.dir_next), (200 bytes).
    Removing ff.o(i.dir_read), (116 bytes).
    Removing ff.o(i.dir_register), (60 bytes).
    Removing ff.o(i.dir_remove), (32 bytes).
    Removing ff.o(i.dir_sdi), (154 bytes).
    Removing ff.o(i.f_chdir), (90 bytes).
    Removing ff.o(i.f_chdrive), (32 bytes).
    Removing ff.o(i.f_close), (34 bytes).
    Removing ff.o(i.f_closedir), (24 bytes).
    Removing ff.o(i.f_getfree), (246 bytes).
    Removing ff.o(i.f_gets), (80 bytes).
    Removing ff.o(i.f_lseek), (684 bytes).
    Removing ff.o(i.f_mkdir), (274 bytes).
    Removing ff.o(i.f_mkfs), (1672 bytes).
    Removing ff.o(i.f_mount), (84 bytes).
    Removing ff.o(i.f_open), (486 bytes).
    Removing ff.o(i.f_opendir), (108 bytes).
    Removing ff.o(i.f_printf), (618 bytes).
    Removing ff.o(i.f_putc), (34 bytes).
    Removing ff.o(i.f_puts), (44 bytes).
    Removing ff.o(i.f_read), (426 bytes).
    Removing ff.o(i.f_readdir), (78 bytes).
    Removing ff.o(i.f_rename), (282 bytes).
    Removing ff.o(i.f_stat), (62 bytes).
    Removing ff.o(i.f_sync), (158 bytes).
    Removing ff.o(i.f_truncate), (178 bytes).
    Removing ff.o(i.f_unlink), (194 bytes).
    Removing ff.o(i.f_write), (492 bytes).
    Removing ff.o(i.find_volume), (784 bytes).
    Removing ff.o(i.follow_path), (202 bytes).
    Removing ff.o(i.get_fat), (224 bytes).
    Removing ff.o(i.get_fattime), (4 bytes).
    Removing ff.o(i.get_fileinfo), (142 bytes).
    Removing ff.o(i.get_ldnumber), (84 bytes).
    Removing ff.o(i.ld_clust), (38 bytes).
    Removing ff.o(i.ld_dword), (24 bytes).
    Removing ff.o(i.ld_word), (12 bytes).
    Removing ff.o(i.mem_cmp), (36 bytes).
    Removing ff.o(i.mem_cpy), (26 bytes).
    Removing ff.o(i.mem_set), (18 bytes).
    Removing ff.o(i.move_window), (52 bytes).
    Removing ff.o(i.put_fat), (316 bytes).
    Removing ff.o(i.putc_bfd), (68 bytes).
    Removing ff.o(i.putc_flush), (44 bytes).
    Removing ff.o(i.putc_init), (20 bytes).
    Removing ff.o(i.remove_chain), (154 bytes).
    Removing ff.o(i.st_clust), (36 bytes).
    Removing ff.o(i.st_dword), (24 bytes).
    Removing ff.o(i.st_word), (12 bytes).
    Removing ff.o(i.sync_fs), (144 bytes).
    Removing ff.o(i.sync_window), (74 bytes).
    Removing ff.o(i.validate), (60 bytes).
    Removing ff.o(.constdata), (156 bytes).
    Removing ff.o(.data), (7 bytes).
    Removing diskio.o(.rev16_text), (4 bytes).
    Removing diskio.o(.revsh_text), (4 bytes).
    Removing diskio.o(i.MMC_disk_read), (56 bytes).
    Removing diskio.o(i.MMC_disk_status), (4 bytes).
    Removing diskio.o(i.MMC_disk_write), (56 bytes).
    Removing diskio.o(i.RAM_disk_read), (6 bytes).
    Removing diskio.o(i.RAM_disk_status), (4 bytes).
    Removing diskio.o(i.RAM_disk_write), (6 bytes).
    Removing diskio.o(i.USB_disk_read), (6 bytes).
    Removing diskio.o(i.USB_disk_status), (4 bytes).
    Removing diskio.o(i.USB_disk_write), (6 bytes).
    Removing diskio.o(i.disk_ioctl), (34 bytes).
    Removing diskio.o(i.disk_read), (84 bytes).
    Removing diskio.o(i.disk_status), (56 bytes).
    Removing diskio.o(i.disk_write), (84 bytes).
    Removing dadd.o(.text), (334 bytes).
    Removing dmul.o(.text), (228 bytes).
    Removing ddiv.o(.text), (222 bytes).
    Removing dfixul.o(.text), (48 bytes).
    Removing cdrcmple.o(.text), (40 bytes).
    Removing depilogue.o(.text), (190 bytes).

736 unused section(s) (total 36337 bytes) removed from the image.

==============================================================================

Image Symbol Table

    Local Symbols

    Symbol Name                              Value     Ov Type        Size  Object(Section)

    ../clib/microlib/division.c              0x00000000   Number         0  uldiv.o ABSOLUTE
    ../clib/microlib/division.c              0x00000000   Number         0  uidiv.o ABSOLUTE
    ../clib/microlib/init/entry.s            0x00000000   Number         0  entry9a.o ABSOLUTE
    ../clib/microlib/init/entry.s            0x00000000   Number         0  entry5.o ABSOLUTE
    ../clib/microlib/init/entry.s            0x00000000   Number         0  entry.o ABSOLUTE
    ../clib/microlib/init/entry.s            0x00000000   Number         0  entry2.o ABSOLUTE
    ../clib/microlib/init/entry.s            0x00000000   Number         0  entry11b.o ABSOLUTE
    ../clib/microlib/init/entry.s            0x00000000   Number         0  entry11a.o ABSOLUTE
    ../clib/microlib/init/entry.s            0x00000000   Number         0  entry10b.o ABSOLUTE
    ../clib/microlib/init/entry.s            0x00000000   Number         0  entry10a.o ABSOLUTE
    ../clib/microlib/init/entry.s            0x00000000   Number         0  entry9b.o ABSOLUTE
    ../clib/microlib/init/entry.s            0x00000000   Number         0  entry7b.o ABSOLUTE
    ../clib/microlib/init/entry.s            0x00000000   Number         0  entry7a.o ABSOLUTE
    ../clib/microlib/init/entry.s            0x00000000   Number         0  entry8b.o ABSOLUTE
    ../clib/microlib/init/entry.s            0x00000000   Number         0  entry8a.o ABSOLUTE
    ../clib/microlib/longlong.c              0x00000000   Number         0  llushr.o ABSOLUTE
    ../clib/microlib/longlong.c              0x00000000   Number         0  llshl.o ABSOLUTE
    ../clib/microlib/longlong.c              0x00000000   Number         0  llsshr.o ABSOLUTE
    ../clib/microlib/printf/printf.c         0x00000000   Number         0  printfb.o ABSOLUTE
    ../clib/microlib/printf/printf.c         0x00000000   Number         0  printf8.o ABSOLUTE
    ../clib/microlib/printf/printf.c         0x00000000   Number         0  printf7.o ABSOLUTE
    ../clib/microlib/printf/printf.c         0x00000000   Number         0  printf0.o ABSOLUTE
    ../clib/microlib/printf/printf.c         0x00000000   Number         0  printf1.o ABSOLUTE
    ../clib/microlib/printf/printf.c         0x00000000   Number         0  printf3.o ABSOLUTE
    ../clib/microlib/printf/printf.c         0x00000000   Number         0  printf2.o ABSOLUTE
    ../clib/microlib/printf/printf.c         0x00000000   Number         0  printf4.o ABSOLUTE
    ../clib/microlib/printf/printf.c         0x00000000   Number         0  printf5.o ABSOLUTE
    ../clib/microlib/printf/printf.c         0x00000000   Number         0  printf6.o ABSOLUTE
    ../clib/microlib/printf/printf.c         0x00000000   Number         0  printfa.o ABSOLUTE
    ../clib/microlib/printf/stubs.s          0x00000000   Number         0  stubs.o ABSOLUTE
    ../clib/microlib/stdio/streams.c         0x00000000   Number         0  stdout.o ABSOLUTE
    ../clib/microlib/string/memset.c         0x00000000   Number         0  memseta.o ABSOLUTE
    ../clib/microlib/stubs.s                 0x00000000   Number         0  iusefp.o ABSOLUTE
    ../fplib/microlib/fpadd.c                0x00000000   Number         0  dadd.o ABSOLUTE
    ../fplib/microlib/fpdiv.c                0x00000000   Number         0  ddiv.o ABSOLUTE
    ../fplib/microlib/fpepilogue.c           0x00000000   Number         0  depilogue.o ABSOLUTE
    ../fplib/microlib/fpfix.c                0x00000000   Number         0  dfixul.o ABSOLUTE
    ../fplib/microlib/fpmul.c                0x00000000   Number         0  dmul.o ABSOLUTE
    ..\..\Firmware\CMSIS\GD\GD32F3x0\Source\ARM\startup_gd32f3x0.s 0x00000000   Number         0  startup_gd32f3x0.o ABSOLUTE
    ..\..\Firmware\CMSIS\GD\GD32F3x0\Source\system_gd32f3x0.c 0x00000000   Number         0  system_gd32f3x0.o ABSOLUTE
    ..\..\Firmware\GD32F3x0_standard_peripheral\Source\gd32f3x0_adc.c 0x00000000   Number         0  gd32f3x0_adc.o ABSOLUTE
    ..\..\Firmware\GD32F3x0_standard_peripheral\Source\gd32f3x0_cec.c 0x00000000   Number         0  gd32f3x0_cec.o ABSOLUTE
    ..\..\Firmware\GD32F3x0_standard_peripheral\Source\gd32f3x0_cmp.c 0x00000000   Number         0  gd32f3x0_cmp.o ABSOLUTE
    ..\..\Firmware\GD32F3x0_standard_peripheral\Source\gd32f3x0_crc.c 0x00000000   Number         0  gd32f3x0_crc.o ABSOLUTE
    ..\..\Firmware\GD32F3x0_standard_peripheral\Source\gd32f3x0_ctc.c 0x00000000   Number         0  gd32f3x0_ctc.o ABSOLUTE
    ..\..\Firmware\GD32F3x0_standard_peripheral\Source\gd32f3x0_dac.c 0x00000000   Number         0  gd32f3x0_dac.o ABSOLUTE
    ..\..\Firmware\GD32F3x0_standard_peripheral\Source\gd32f3x0_dbg.c 0x00000000   Number         0  gd32f3x0_dbg.o ABSOLUTE
    ..\..\Firmware\GD32F3x0_standard_peripheral\Source\gd32f3x0_dma.c 0x00000000   Number         0  gd32f3x0_dma.o ABSOLUTE
    ..\..\Firmware\GD32F3x0_standard_peripheral\Source\gd32f3x0_exti.c 0x00000000   Number         0  gd32f3x0_exti.o ABSOLUTE
    ..\..\Firmware\GD32F3x0_standard_peripheral\Source\gd32f3x0_fmc.c 0x00000000   Number         0  gd32f3x0_fmc.o ABSOLUTE
    ..\..\Firmware\GD32F3x0_standard_peripheral\Source\gd32f3x0_fwdgt.c 0x00000000   Number         0  gd32f3x0_fwdgt.o ABSOLUTE
    ..\..\Firmware\GD32F3x0_standard_peripheral\Source\gd32f3x0_gpio.c 0x00000000   Number         0  gd32f3x0_gpio.o ABSOLUTE
    ..\..\Firmware\GD32F3x0_standard_peripheral\Source\gd32f3x0_i2c.c 0x00000000   Number         0  gd32f3x0_i2c.o ABSOLUTE
    ..\..\Firmware\GD32F3x0_standard_peripheral\Source\gd32f3x0_misc.c 0x00000000   Number         0  gd32f3x0_misc.o ABSOLUTE
    ..\..\Firmware\GD32F3x0_standard_peripheral\Source\gd32f3x0_pmu.c 0x00000000   Number         0  gd32f3x0_pmu.o ABSOLUTE
    ..\..\Firmware\GD32F3x0_standard_peripheral\Source\gd32f3x0_rcu.c 0x00000000   Number         0  gd32f3x0_rcu.o ABSOLUTE
    ..\..\Firmware\GD32F3x0_standard_peripheral\Source\gd32f3x0_rtc.c 0x00000000   Number         0  gd32f3x0_rtc.o ABSOLUTE
    ..\..\Firmware\GD32F3x0_standard_peripheral\Source\gd32f3x0_spi.c 0x00000000   Number         0  gd32f3x0_spi.o ABSOLUTE
    ..\..\Firmware\GD32F3x0_standard_peripheral\Source\gd32f3x0_syscfg.c 0x00000000   Number         0  gd32f3x0_syscfg.o ABSOLUTE
    ..\..\Firmware\GD32F3x0_standard_peripheral\Source\gd32f3x0_timer.c 0x00000000   Number         0  gd32f3x0_timer.o ABSOLUTE
    ..\..\Firmware\GD32F3x0_standard_peripheral\Source\gd32f3x0_tsi.c 0x00000000   Number         0  gd32f3x0_tsi.o ABSOLUTE
    ..\..\Firmware\GD32F3x0_standard_peripheral\Source\gd32f3x0_usart.c 0x00000000   Number         0  gd32f3x0_usart.o ABSOLUTE
    ..\..\Firmware\GD32F3x0_standard_peripheral\Source\gd32f3x0_wwdgt.c 0x00000000   Number         0  gd32f3x0_wwdgt.o ABSOLUTE
    ..\..\Utilities\gd32f3x0_eval.c          0x00000000   Number         0  gd32f3x0_eval.o ABSOLUTE
    ..\JumpToCode.c                          0x00000000   Number         0  jumptocode.o ABSOLUTE
    ..\\..\\Firmware\\CMSIS\\GD\\GD32F3x0\\Source\\system_gd32f3x0.c 0x00000000   Number         0  system_gd32f3x0.o ABSOLUTE
    ..\\..\\Firmware\\GD32F3x0_standard_peripheral\\Source\\gd32f3x0_adc.c 0x00000000   Number         0  gd32f3x0_adc.o ABSOLUTE
    ..\\..\\Firmware\\GD32F3x0_standard_peripheral\\Source\\gd32f3x0_cec.c 0x00000000   Number         0  gd32f3x0_cec.o ABSOLUTE
    ..\\..\\Firmware\\GD32F3x0_standard_peripheral\\Source\\gd32f3x0_cmp.c 0x00000000   Number         0  gd32f3x0_cmp.o ABSOLUTE
    ..\\..\\Firmware\\GD32F3x0_standard_peripheral\\Source\\gd32f3x0_crc.c 0x00000000   Number         0  gd32f3x0_crc.o ABSOLUTE
    ..\\..\\Firmware\\GD32F3x0_standard_peripheral\\Source\\gd32f3x0_ctc.c 0x00000000   Number         0  gd32f3x0_ctc.o ABSOLUTE
    ..\\..\\Firmware\\GD32F3x0_standard_peripheral\\Source\\gd32f3x0_dac.c 0x00000000   Number         0  gd32f3x0_dac.o ABSOLUTE
    ..\\..\\Firmware\\GD32F3x0_standard_peripheral\\Source\\gd32f3x0_dbg.c 0x00000000   Number         0  gd32f3x0_dbg.o ABSOLUTE
    ..\\..\\Firmware\\GD32F3x0_standard_peripheral\\Source\\gd32f3x0_dma.c 0x00000000   Number         0  gd32f3x0_dma.o ABSOLUTE
    ..\\..\\Firmware\\GD32F3x0_standard_peripheral\\Source\\gd32f3x0_exti.c 0x00000000   Number         0  gd32f3x0_exti.o ABSOLUTE
    ..\\..\\Firmware\\GD32F3x0_standard_peripheral\\Source\\gd32f3x0_fmc.c 0x00000000   Number         0  gd32f3x0_fmc.o ABSOLUTE
    ..\\..\\Firmware\\GD32F3x0_standard_peripheral\\Source\\gd32f3x0_fwdgt.c 0x00000000   Number         0  gd32f3x0_fwdgt.o ABSOLUTE
    ..\\..\\Firmware\\GD32F3x0_standard_peripheral\\Source\\gd32f3x0_gpio.c 0x00000000   Number         0  gd32f3x0_gpio.o ABSOLUTE
    ..\\..\\Firmware\\GD32F3x0_standard_peripheral\\Source\\gd32f3x0_i2c.c 0x00000000   Number         0  gd32f3x0_i2c.o ABSOLUTE
    ..\\..\\Firmware\\GD32F3x0_standard_peripheral\\Source\\gd32f3x0_misc.c 0x00000000   Number         0  gd32f3x0_misc.o ABSOLUTE
    ..\\..\\Firmware\\GD32F3x0_standard_peripheral\\Source\\gd32f3x0_pmu.c 0x00000000   Number         0  gd32f3x0_pmu.o ABSOLUTE
    ..\\..\\Firmware\\GD32F3x0_standard_peripheral\\Source\\gd32f3x0_rcu.c 0x00000000   Number         0  gd32f3x0_rcu.o ABSOLUTE
    ..\\..\\Firmware\\GD32F3x0_standard_peripheral\\Source\\gd32f3x0_rtc.c 0x00000000   Number         0  gd32f3x0_rtc.o ABSOLUTE
    ..\\..\\Firmware\\GD32F3x0_standard_peripheral\\Source\\gd32f3x0_spi.c 0x00000000   Number         0  gd32f3x0_spi.o ABSOLUTE
    ..\\..\\Firmware\\GD32F3x0_standard_peripheral\\Source\\gd32f3x0_syscfg.c 0x00000000   Number         0  gd32f3x0_syscfg.o ABSOLUTE
    ..\\..\\Firmware\\GD32F3x0_standard_peripheral\\Source\\gd32f3x0_timer.c 0x00000000   Number         0  gd32f3x0_timer.o ABSOLUTE
    ..\\..\\Firmware\\GD32F3x0_standard_peripheral\\Source\\gd32f3x0_tsi.c 0x00000000   Number         0  gd32f3x0_tsi.o ABSOLUTE
    ..\\..\\Firmware\\GD32F3x0_standard_peripheral\\Source\\gd32f3x0_usart.c 0x00000000   Number         0  gd32f3x0_usart.o ABSOLUTE
    ..\\..\\Firmware\\GD32F3x0_standard_peripheral\\Source\\gd32f3x0_wwdgt.c 0x00000000   Number         0  gd32f3x0_wwdgt.o ABSOLUTE
    ..\\..\\Utilities\\gd32f3x0_eval.c       0x00000000   Number         0  gd32f3x0_eval.o ABSOLUTE
    ..\\JumpToCode.c                         0x00000000   Number         0  jumptocode.o ABSOLUTE
    ..\\diskio.c                             0x00000000   Number         0  diskio.o ABSOLUTE
    ..\\ff.c                                 0x00000000   Number         0  ff.o ABSOLUTE
    ..\\gd32f3x0_it.c                        0x00000000   Number         0  gd32f3x0_it.o ABSOLUTE
    ..\\main.c                               0x00000000   Number         0  main.o ABSOLUTE
    ..\\spi_sd.c                             0x00000000   Number         0  spi_sd.o ABSOLUTE
    ..\\systick.c                            0x00000000   Number         0  systick.o ABSOLUTE
    ..\diskio.c                              0x00000000   Number         0  diskio.o ABSOLUTE
    ..\ff.c                                  0x00000000   Number         0  ff.o ABSOLUTE
    ..\gd32f3x0_it.c                         0x00000000   Number         0  gd32f3x0_it.o ABSOLUTE
    ..\main.c                                0x00000000   Number         0  main.o ABSOLUTE
    ..\spi_sd.c                              0x00000000   Number         0  spi_sd.o ABSOLUTE
    ..\systick.c                             0x00000000   Number         0  systick.o ABSOLUTE
    cdrcmple.s                               0x00000000   Number         0  cdrcmple.o ABSOLUTE
    dc.s                                     0x00000000   Number         0  dc.o ABSOLUTE
    handlers.s                               0x00000000   Number         0  handlers.o ABSOLUTE
    init.s                                   0x00000000   Number         0  init.o ABSOLUTE
    RESET                                    0x08000000   Section      336  startup_gd32f3x0.o(RESET)
    .ARM.Collect$$$$00000000                 0x08000150   Section        0  entry.o(.ARM.Collect$$$$00000000)
    .ARM.Collect$$$$00000001                 0x08000150   Section        4  entry2.o(.ARM.Collect$$$$00000001)
    .ARM.Collect$$$$00000004                 0x08000154   Section        4  entry5.o(.ARM.Collect$$$$00000004)
    .ARM.Collect$$$$00000008                 0x08000158   Section        0  entry7b.o(.ARM.Collect$$$$00000008)
    .ARM.Collect$$$$0000000A                 0x08000158   Section        0  entry8b.o(.ARM.Collect$$$$0000000A)
    .ARM.Collect$$$$0000000B                 0x08000158   Section        8  entry9a.o(.ARM.Collect$$$$0000000B)
    .ARM.Collect$$$$0000000D                 0x08000160   Section        0  entry10a.o(.ARM.Collect$$$$0000000D)
    .ARM.Collect$$$$0000000F                 0x08000160   Section        0  entry11a.o(.ARM.Collect$$$$0000000F)
    .ARM.Collect$$$$00002712                 0x08000160   Section        4  entry2.o(.ARM.Collect$$$$00002712)
    __lit__00000000                          0x08000160   Data           4  entry2.o(.ARM.Collect$$$$00002712)
    .text                                    0x08000164   Section       36  startup_gd32f3x0.o(.text)
    .text                                    0x08000188   Section        0  memseta.o(.text)
    .text                                    0x080001ac   Section        0  uidiv.o(.text)
    .text                                    0x080001d8   Section       36  init.o(.text)
    i.BusFault_Handler                       0x080001fc   Section        0  gd32f3x0_it.o(i.BusFault_Handler)
    i.DebugMon_Handler                       0x08000200   Section        0  gd32f3x0_it.o(i.DebugMon_Handler)
    i.HardFault_Handler                      0x08000202   Section        0  gd32f3x0_it.o(i.HardFault_Handler)
    i.MMC_disk_initialize                    0x08000206   Section        0  diskio.o(i.MMC_disk_initialize)
    MMC_disk_initialize                      0x08000207   Thumb Code    18  diskio.o(i.MMC_disk_initialize)
    i.MemManage_Handler                      0x08000218   Section        0  gd32f3x0_it.o(i.MemManage_Handler)
    i.NMI_Handler                            0x0800021c   Section        0  gd32f3x0_it.o(i.NMI_Handler)
    i.NVIC_SetPriority                       0x08000220   Section        0  systick.o(i.NVIC_SetPriority)
    NVIC_SetPriority                         0x08000221   Thumb Code    32  systick.o(i.NVIC_SetPriority)
    i.PendSV_Handler                         0x08000248   Section        0  gd32f3x0_it.o(i.PendSV_Handler)
    i.RAM_disk_initialize                    0x0800024a   Section        0  diskio.o(i.RAM_disk_initialize)
    RAM_disk_initialize                      0x0800024b   Thumb Code     4  diskio.o(i.RAM_disk_initialize)
    i.SVC_Handler                            0x0800024e   Section        0  gd32f3x0_it.o(i.SVC_Handler)
    i.SysTick_Handler                        0x08000250   Section        0  gd32f3x0_it.o(i.SysTick_Handler)
    i.SystemInit                             0x08000258   Section        0  system_gd32f3x0.o(i.SystemInit)
    i.USB_disk_initialize                    0x08000320   Section        0  diskio.o(i.USB_disk_initialize)
    USB_disk_initialize                      0x08000321   Thumb Code     4  diskio.o(i.USB_disk_initialize)
    i.UsageFault_Handler                     0x08000324   Section        0  gd32f3x0_it.o(i.UsageFault_Handler)
    i.__0printf$1                            0x08000328   Section        0  printf1.o(i.__0printf$1)
    i.__scatterload_copy                     0x08000348   Section       14  handlers.o(i.__scatterload_copy)
    i.__scatterload_null                     0x08000356   Section        2  handlers.o(i.__scatterload_null)
    i.__scatterload_zeroinit                 0x08000358   Section       14  handlers.o(i.__scatterload_zeroinit)
    i._printf_core                           0x08000368   Section        0  printf1.o(i._printf_core)
    _printf_core                             0x08000369   Thumb Code   334  printf1.o(i._printf_core)
    i.delay_1ms                              0x080004bc   Section        0  systick.o(i.delay_1ms)
    i.delay_decrement                        0x080004d0   Section        0  systick.o(i.delay_decrement)
    i.disk_initialize                        0x080004e8   Section        0  diskio.o(i.disk_initialize)
    i.fputc                                  0x08000520   Section        0  main.o(i.fputc)
    i.gd_eval_com_init                       0x08000548   Section        0  gd32f3x0_eval.o(i.gd_eval_com_init)
    i.gpio_af_set                            0x08000608   Section        0  gd32f3x0_gpio.o(i.gpio_af_set)
    i.gpio_bit_reset                         0x08000666   Section        0  gd32f3x0_gpio.o(i.gpio_bit_reset)
    i.gpio_bit_set                           0x0800066a   Section        0  gd32f3x0_gpio.o(i.gpio_bit_set)
    i.gpio_mode_set                          0x0800066e   Section        0  gd32f3x0_gpio.o(i.gpio_mode_set)
    i.gpio_output_options_set                0x080006bc   Section        0  gd32f3x0_gpio.o(i.gpio_output_options_set)
    i.main                                   0x08000738   Section        0  main.o(i.main)
    i.rcu_clock_freq_get                     0x08000824   Section        0  gd32f3x0_rcu.o(i.rcu_clock_freq_get)
    i.rcu_periph_clock_enable                0x08000aa0   Section        0  gd32f3x0_rcu.o(i.rcu_periph_clock_enable)
    i.rcu_periph_reset_disable               0x08000ac0   Section        0  gd32f3x0_rcu.o(i.rcu_periph_reset_disable)
    i.rcu_periph_reset_enable                0x08000ae0   Section        0  gd32f3x0_rcu.o(i.rcu_periph_reset_enable)
    i.sd_card_init                           0x08000b00   Section        0  spi_sd.o(i.sd_card_init)
    i.sd_cmd_send                            0x08000c40   Section        0  spi_sd.o(i.sd_cmd_send)
    i.spi_config                             0x08000c9c   Section        0  spi_sd.o(i.spi_config)
    spi_config                               0x08000c9d   Thumb Code   118  spi_sd.o(i.spi_config)
    i.spi_enable                             0x08000d20   Section        0  gd32f3x0_spi.o(i.spi_enable)
    i.spi_i2s_data_receive                   0x08000d2a   Section        0  gd32f3x0_spi.o(i.spi_i2s_data_receive)
    i.spi_i2s_data_transmit                  0x08000d32   Section        0  gd32f3x0_spi.o(i.spi_i2s_data_transmit)
    i.spi_i2s_flag_get                       0x08000d36   Section        0  gd32f3x0_spi.o(i.spi_i2s_flag_get)
    i.spi_init                               0x08000d46   Section        0  gd32f3x0_spi.o(i.spi_init)
    i.spi_read                               0x08000d78   Section        0  spi_sd.o(i.spi_read)
    i.spi_write                              0x08000db0   Section        0  spi_sd.o(i.spi_write)
    i.system_clock_108m_hxtal                0x08000de8   Section        0  system_gd32f3x0.o(i.system_clock_108m_hxtal)
    system_clock_108m_hxtal                  0x08000de9   Thumb Code   180  system_gd32f3x0.o(i.system_clock_108m_hxtal)
    i.system_clock_config                    0x08000ea8   Section        0  system_gd32f3x0.o(i.system_clock_config)
    system_clock_config                      0x08000ea9   Thumb Code     8  system_gd32f3x0.o(i.system_clock_config)
    i.systick_config                         0x08000eb0   Section        0  systick.o(i.systick_config)
    i.usart_baudrate_set                     0x08000f00   Section        0  gd32f3x0_usart.o(i.usart_baudrate_set)
    i.usart_data_transmit                    0x08000f84   Section        0  gd32f3x0_usart.o(i.usart_data_transmit)
    i.usart_deinit                           0x08000f8c   Section        0  gd32f3x0_usart.o(i.usart_deinit)
    i.usart_enable                           0x08000fcc   Section        0  gd32f3x0_usart.o(i.usart_enable)
    i.usart_flag_get                         0x08000fd6   Section        0  gd32f3x0_usart.o(i.usart_flag_get)
    i.usart_receive_config                   0x08000ff4   Section        0  gd32f3x0_usart.o(i.usart_receive_config)
    i.usart_transmit_config                  0x08001004   Section        0  gd32f3x0_usart.o(i.usart_transmit_config)
    .data                                    0x20000000   Section        4  systick.o(.data)
    delay                                    0x20000000   Data           4  systick.o(.data)
    .data                                    0x20000004   Section        4  system_gd32f3x0.o(.data)
    .data                                    0x20000008   Section      105  gd32f3x0_eval.o(.data)
    GPIO_PORT                                0x20000008   Data          16  gd32f3x0_eval.o(.data)
    GPIO_PIN                                 0x20000018   Data          16  gd32f3x0_eval.o(.data)
    COM_CLK                                  0x20000028   Data           2  gd32f3x0_eval.o(.data)
    COM_TX_PIN                               0x2000002c   Data           4  gd32f3x0_eval.o(.data)
    COM_RX_PIN                               0x20000030   Data           4  gd32f3x0_eval.o(.data)
    GPIO_CLK                                 0x20000034   Data           8  gd32f3x0_eval.o(.data)
    KEY_PORT                                 0x2000003c   Data          12  gd32f3x0_eval.o(.data)
    KEY_PIN                                  0x20000048   Data          12  gd32f3x0_eval.o(.data)
    KEY_CLK                                  0x20000054   Data           6  gd32f3x0_eval.o(.data)
    KEY_EXTI_LINE                            0x2000005c   Data          12  gd32f3x0_eval.o(.data)
    KEY_PORT_SOURCE                          0x20000068   Data           3  gd32f3x0_eval.o(.data)
    KEY_PIN_SOURCE                           0x2000006b   Data           3  gd32f3x0_eval.o(.data)
    KEY_IRQn                                 0x2000006e   Data           3  gd32f3x0_eval.o(.data)
    .data                                    0x20000074   Section        4  stdout.o(.data)
    .bss                                     0x20000078   Section     1120  main.o(.bss)
    mfdir                                    0x20000078   Data         556  main.o(.bss)
    mfs                                      0x200002a4   Data         564  main.o(.bss)
    STACK                                    0x200004d8   Section     1024  startup_gd32f3x0.o(STACK)

    Global Symbols

    Symbol Name                              Value     Ov Type        Size  Object(Section)

    BuildAttributes$$THM_ISAv4$E$P$D$K$B$S$7EM$PE$A:L22UL41UL21$X:L11$S22US41US21$IEEE1$IW$USESV6$~STKCKD$USESV7$~SHL$OSPACE$ROPI$EBA8$MICROLIB$REQ8$PRES8$EABIv2 0x00000000   Number         0  anon$$obj.o ABSOLUTE
    __ARM_use_no_argv                        0x00000000   Number         0  main.o ABSOLUTE
    _printf_a                                0x00000000   Number         0  stubs.o ABSOLUTE
    _printf_c                                0x00000000   Number         0  stubs.o ABSOLUTE
    _printf_charcount                        0x00000000   Number         0  stubs.o ABSOLUTE
    _printf_d                                0x00000000   Number         0  stubs.o ABSOLUTE
    _printf_e                                0x00000000   Number         0  stubs.o ABSOLUTE
    _printf_f                                0x00000000   Number         0  stubs.o ABSOLUTE
    _printf_flags                            0x00000000   Number         0  stubs.o ABSOLUTE
    _printf_fp_dec                           0x00000000   Number         0  stubs.o ABSOLUTE
    _printf_fp_hex                           0x00000000   Number         0  stubs.o ABSOLUTE
    _printf_g                                0x00000000   Number         0  stubs.o ABSOLUTE
    _printf_i                                0x00000000   Number         0  stubs.o ABSOLUTE
    _printf_int_dec                          0x00000000   Number         0  stubs.o ABSOLUTE
    _printf_l                                0x00000000   Number         0  stubs.o ABSOLUTE
    _printf_lc                               0x00000000   Number         0  stubs.o ABSOLUTE
    _printf_ll                               0x00000000   Number         0  stubs.o ABSOLUTE
    _printf_lld                              0x00000000   Number         0  stubs.o ABSOLUTE
    _printf_lli                              0x00000000   Number         0  stubs.o ABSOLUTE
    _printf_llo                              0x00000000   Number         0  stubs.o ABSOLUTE
    _printf_llu                              0x00000000   Number         0  stubs.o ABSOLUTE
    _printf_llx                              0x00000000   Number         0  stubs.o ABSOLUTE
    _printf_longlong_dec                     0x00000000   Number         0  stubs.o ABSOLUTE
    _printf_longlong_hex                     0x00000000   Number         0  stubs.o ABSOLUTE
    _printf_longlong_oct                     0x00000000   Number         0  stubs.o ABSOLUTE
    _printf_ls                               0x00000000   Number         0  stubs.o ABSOLUTE
    _printf_mbtowc                           0x00000000   Number         0  stubs.o ABSOLUTE
    _printf_n                                0x00000000   Number         0  stubs.o ABSOLUTE
    _printf_o                                0x00000000   Number         0  stubs.o ABSOLUTE
    _printf_p                                0x00000000   Number         0  stubs.o ABSOLUTE
    _printf_percent                          0x00000000   Number         0  stubs.o ABSOLUTE
    _printf_pre_padding                      0x00000000   Number         0  stubs.o ABSOLUTE
    _printf_return_value                     0x00000000   Number         0  stubs.o ABSOLUTE
    _printf_s                                0x00000000   Number         0  stubs.o ABSOLUTE
    _printf_sizespec                         0x00000000   Number         0  stubs.o ABSOLUTE
    _printf_str                              0x00000000   Number         0  stubs.o ABSOLUTE
    _printf_truncate_signed                  0x00000000   Number         0  stubs.o ABSOLUTE
    _printf_truncate_unsigned                0x00000000   Number         0  stubs.o ABSOLUTE
    _printf_u                                0x00000000   Number         0  stubs.o ABSOLUTE
    _printf_wc                               0x00000000   Number         0  stubs.o ABSOLUTE
    _printf_wctomb                           0x00000000   Number         0  stubs.o ABSOLUTE
    _printf_widthprec                        0x00000000   Number         0  stubs.o ABSOLUTE
    _printf_x                                0x00000000   Number         0  stubs.o ABSOLUTE
    __cpp_initialize__aeabi_                  - Undefined Weak Reference
    __cxa_finalize                            - Undefined Weak Reference
    __decompress                              - Undefined Weak Reference
    _clock_init                               - Undefined Weak Reference
    _microlib_exit                            - Undefined Weak Reference
    __Vectors_Size                           0x00000150   Number         0  startup_gd32f3x0.o ABSOLUTE
    __Vectors                                0x08000000   Data           4  startup_gd32f3x0.o(RESET)
    __Vectors_End                            0x08000150   Data           0  startup_gd32f3x0.o(RESET)
    __main                                   0x08000151   Thumb Code     0  entry.o(.ARM.Collect$$$$00000000)
    _main_stk                                0x08000151   Thumb Code     0  entry2.o(.ARM.Collect$$$$00000001)
    _main_scatterload                        0x08000155   Thumb Code     0  entry5.o(.ARM.Collect$$$$00000004)
    __main_after_scatterload                 0x08000159   Thumb Code     0  entry5.o(.ARM.Collect$$$$00000004)
    _main_clock                              0x08000159   Thumb Code     0  entry7b.o(.ARM.Collect$$$$00000008)
    _main_cpp_init                           0x08000159   Thumb Code     0  entry8b.o(.ARM.Collect$$$$0000000A)
    _main_init                               0x08000159   Thumb Code     0  entry9a.o(.ARM.Collect$$$$0000000B)
    __rt_final_cpp                           0x08000161   Thumb Code     0  entry10a.o(.ARM.Collect$$$$0000000D)
    __rt_final_exit                          0x08000161   Thumb Code     0  entry11a.o(.ARM.Collect$$$$0000000F)
    Reset_Handler                            0x08000165   Thumb Code     8  startup_gd32f3x0.o(.text)
    ADC_CMP_IRQHandler                       0x0800017f   Thumb Code     0  startup_gd32f3x0.o(.text)
    CEC_IRQHandler                           0x0800017f   Thumb Code     0  startup_gd32f3x0.o(.text)
    DMA_Channel0_IRQHandler                  0x0800017f   Thumb Code     0  startup_gd32f3x0.o(.text)
    DMA_Channel1_2_IRQHandler                0x0800017f   Thumb Code     0  startup_gd32f3x0.o(.text)
    DMA_Channel3_4_IRQHandler                0x0800017f   Thumb Code     0  startup_gd32f3x0.o(.text)
    DMA_Channel5_6_IRQHandler                0x0800017f   Thumb Code     0  startup_gd32f3x0.o(.text)
    EXTI0_1_IRQHandler                       0x0800017f   Thumb Code     0  startup_gd32f3x0.o(.text)
    EXTI2_3_IRQHandler                       0x0800017f   Thumb Code     0  startup_gd32f3x0.o(.text)
    EXTI4_15_IRQHandler                      0x0800017f   Thumb Code     0  startup_gd32f3x0.o(.text)
    FMC_IRQHandler                           0x0800017f   Thumb Code     0  startup_gd32f3x0.o(.text)
    I2C0_ER_IRQHandler                       0x0800017f   Thumb Code     0  startup_gd32f3x0.o(.text)
    I2C0_EV_IRQHandler                       0x0800017f   Thumb Code     0  startup_gd32f3x0.o(.text)
    I2C1_ER_IRQHandler                       0x0800017f   Thumb Code     0  startup_gd32f3x0.o(.text)
    I2C1_EV_IRQHandler                       0x0800017f   Thumb Code     0  startup_gd32f3x0.o(.text)
    I2C2_ER_IRQHandler                       0x0800017f   Thumb Code     0  startup_gd32f3x0.o(.text)
    I2C2_EV_IRQHandler                       0x0800017f   Thumb Code     0  startup_gd32f3x0.o(.text)
    LVD_IRQHandler                           0x0800017f   Thumb Code     0  startup_gd32f3x0.o(.text)
    RCU_IRQHandler                           0x0800017f   Thumb Code     0  startup_gd32f3x0.o(.text)
    RTC_IRQHandler                           0x0800017f   Thumb Code     0  startup_gd32f3x0.o(.text)
    SPI0_IRQHandler                          0x0800017f   Thumb Code     0  startup_gd32f3x0.o(.text)
    SPI1_IRQHandler                          0x0800017f   Thumb Code     0  startup_gd32f3x0.o(.text)
    SPI2_IRQHandler                          0x0800017f   Thumb Code     0  startup_gd32f3x0.o(.text)
    TIMER0_BRK_UP_TRG_COM_IRQHandler         0x0800017f   Thumb Code     0  startup_gd32f3x0.o(.text)
    TIMER0_CC_IRQHandler                     0x0800017f   Thumb Code     0  startup_gd32f3x0.o(.text)
    TIMER13_IRQHandler                       0x0800017f   Thumb Code     0  startup_gd32f3x0.o(.text)
    TIMER14_IRQHandler                       0x0800017f   Thumb Code     0  startup_gd32f3x0.o(.text)
    TIMER15_IRQHandler                       0x0800017f   Thumb Code     0  startup_gd32f3x0.o(.text)
    TIMER16_IRQHandler                       0x0800017f   Thumb Code     0  startup_gd32f3x0.o(.text)
    TIMER1_IRQHandler                        0x0800017f   Thumb Code     0  startup_gd32f3x0.o(.text)
    TIMER2_IRQHandler                        0x0800017f   Thumb Code     0  startup_gd32f3x0.o(.text)
    TIMER5_DAC_IRQHandler                    0x0800017f   Thumb Code     0  startup_gd32f3x0.o(.text)
    TSI_IRQHandler                           0x0800017f   Thumb Code     0  startup_gd32f3x0.o(.text)
    USART0_IRQHandler                        0x0800017f   Thumb Code     0  startup_gd32f3x0.o(.text)
    USART1_IRQHandler                        0x0800017f   Thumb Code     0  startup_gd32f3x0.o(.text)
    USBFS_IRQHandler                         0x0800017f   Thumb Code     0  startup_gd32f3x0.o(.text)
    USBFS_WKUP_IRQHandler                    0x0800017f   Thumb Code     0  startup_gd32f3x0.o(.text)
    WWDGT_IRQHandler                         0x0800017f   Thumb Code     0  startup_gd32f3x0.o(.text)
    __aeabi_memset                           0x08000189   Thumb Code    14  memseta.o(.text)
    __aeabi_memset4                          0x08000189   Thumb Code     0  memseta.o(.text)
    __aeabi_memset8                          0x08000189   Thumb Code     0  memseta.o(.text)
    __aeabi_memclr                           0x08000197   Thumb Code     4  memseta.o(.text)
    __aeabi_memclr4                          0x08000197   Thumb Code     0  memseta.o(.text)
    __aeabi_memclr8                          0x08000197   Thumb Code     0  memseta.o(.text)
    _memset$wrapper                          0x0800019b   Thumb Code    18  memseta.o(.text)
    __aeabi_uidiv                            0x080001ad   Thumb Code     0  uidiv.o(.text)
    __aeabi_uidivmod                         0x080001ad   Thumb Code    44  uidiv.o(.text)
    __scatterload                            0x080001d9   Thumb Code    28  init.o(.text)
    __scatterload_rt2                        0x080001d9   Thumb Code     0  init.o(.text)
    BusFault_Handler                         0x080001fd   Thumb Code     4  gd32f3x0_it.o(i.BusFault_Handler)
    DebugMon_Handler                         0x08000201   Thumb Code     2  gd32f3x0_it.o(i.DebugMon_Handler)
    HardFault_Handler                        0x08000203   Thumb Code     4  gd32f3x0_it.o(i.HardFault_Handler)
    MemManage_Handler                        0x08000219   Thumb Code     4  gd32f3x0_it.o(i.MemManage_Handler)
    NMI_Handler                              0x0800021d   Thumb Code     2  gd32f3x0_it.o(i.NMI_Handler)
    PendSV_Handler                           0x08000249   Thumb Code     2  gd32f3x0_it.o(i.PendSV_Handler)
    SVC_Handler                              0x0800024f   Thumb Code     2  gd32f3x0_it.o(i.SVC_Handler)
    SysTick_Handler                          0x08000251   Thumb Code     8  gd32f3x0_it.o(i.SysTick_Handler)
    SystemInit                               0x08000259   Thumb Code   168  system_gd32f3x0.o(i.SystemInit)
    UsageFault_Handler                       0x08000325   Thumb Code     4  gd32f3x0_it.o(i.UsageFault_Handler)
    __0printf$1                              0x08000329   Thumb Code    22  printf1.o(i.__0printf$1)
    __1printf$1                              0x08000329   Thumb Code     0  printf1.o(i.__0printf$1)
    __2printf                                0x08000329   Thumb Code     0  printf1.o(i.__0printf$1)
    __scatterload_copy                       0x08000349   Thumb Code    14  handlers.o(i.__scatterload_copy)
    __scatterload_null                       0x08000357   Thumb Code     2  handlers.o(i.__scatterload_null)
    __scatterload_zeroinit                   0x08000359   Thumb Code    14  handlers.o(i.__scatterload_zeroinit)
    delay_1ms                                0x080004bd   Thumb Code    16  systick.o(i.delay_1ms)
    delay_decrement                          0x080004d1   Thumb Code    18  systick.o(i.delay_decrement)
    disk_initialize                          0x080004e9   Thumb Code    56  diskio.o(i.disk_initialize)
    fputc                                    0x08000521   Thumb Code    34  main.o(i.fputc)
    gd_eval_com_init                         0x08000549   Thumb Code   174  gd32f3x0_eval.o(i.gd_eval_com_init)
    gpio_af_set                              0x08000609   Thumb Code    94  gd32f3x0_gpio.o(i.gpio_af_set)
    gpio_bit_reset                           0x08000667   Thumb Code     4  gd32f3x0_gpio.o(i.gpio_bit_reset)
    gpio_bit_set                             0x0800066b   Thumb Code     4  gd32f3x0_gpio.o(i.gpio_bit_set)
    gpio_mode_set                            0x0800066f   Thumb Code    78  gd32f3x0_gpio.o(i.gpio_mode_set)
    gpio_output_options_set                  0x080006bd   Thumb Code   124  gd32f3x0_gpio.o(i.gpio_output_options_set)
    main                                     0x08000739   Thumb Code   134  main.o(i.main)
    rcu_clock_freq_get                       0x08000825   Thumb Code   596  gd32f3x0_rcu.o(i.rcu_clock_freq_get)
    rcu_periph_clock_enable                  0x08000aa1   Thumb Code    28  gd32f3x0_rcu.o(i.rcu_periph_clock_enable)
    rcu_periph_reset_disable                 0x08000ac1   Thumb Code    28  gd32f3x0_rcu.o(i.rcu_periph_reset_disable)
    rcu_periph_reset_enable                  0x08000ae1   Thumb Code    28  gd32f3x0_rcu.o(i.rcu_periph_reset_enable)
    sd_card_init                             0x08000b01   Thumb Code   316  spi_sd.o(i.sd_card_init)
    sd_cmd_send                              0x08000c41   Thumb Code    92  spi_sd.o(i.sd_cmd_send)
    spi_enable                               0x08000d21   Thumb Code    10  gd32f3x0_spi.o(i.spi_enable)
    spi_i2s_data_receive                     0x08000d2b   Thumb Code     8  gd32f3x0_spi.o(i.spi_i2s_data_receive)
    spi_i2s_data_transmit                    0x08000d33   Thumb Code     4  gd32f3x0_spi.o(i.spi_i2s_data_transmit)
    spi_i2s_flag_get                         0x08000d37   Thumb Code    16  gd32f3x0_spi.o(i.spi_i2s_flag_get)
    spi_init                                 0x08000d47   Thumb Code    50  gd32f3x0_spi.o(i.spi_init)
    spi_read                                 0x08000d79   Thumb Code    52  spi_sd.o(i.spi_read)
    spi_write                                0x08000db1   Thumb Code    50  spi_sd.o(i.spi_write)
    systick_config                           0x08000eb1   Thumb Code    74  systick.o(i.systick_config)
    usart_baudrate_set                       0x08000f01   Thumb Code   128  gd32f3x0_usart.o(i.usart_baudrate_set)
    usart_data_transmit                      0x08000f85   Thumb Code     8  gd32f3x0_usart.o(i.usart_data_transmit)
    usart_deinit                             0x08000f8d   Thumb Code    58  gd32f3x0_usart.o(i.usart_deinit)
    usart_enable                             0x08000fcd   Thumb Code    10  gd32f3x0_usart.o(i.usart_enable)
    usart_flag_get                           0x08000fd7   Thumb Code    30  gd32f3x0_usart.o(i.usart_flag_get)
    usart_receive_config                     0x08000ff5   Thumb Code    16  gd32f3x0_usart.o(i.usart_receive_config)
    usart_transmit_config                    0x08001005   Thumb Code    16  gd32f3x0_usart.o(i.usart_transmit_config)
    Region$$Table$$Base                      0x08001014   Number         0  anon$$obj.o(Region$$Table)
    Region$$Table$$Limit                     0x08001034   Number         0  anon$$obj.o(Region$$Table)
    SystemCoreClock                          0x20000004   Data           4  system_gd32f3x0.o(.data)
    __stdout                                 0x20000074   Data           4  stdout.o(.data)
    __initial_sp                             0x200008d8   Data           0  startup_gd32f3x0.o(STACK)



==============================================================================

Memory Map of the image

  Image Entry point : 0x08000151

  Load Region LR_IROM1 (Base: 0x08000000, Size: 0x000010ac, Max: 0x00020000, ABSOLUTE)

    Execution Region ER_IROM1 (Base: 0x08000000, Size: 0x00001034, Max: 0x00020000, ABSOLUTE)

    Base Addr    Size         Type   Attr      Idx    E Section Name        Object

    0x08000000   0x00000150   Data   RO         4333    RESET               startup_gd32f3x0.o
    0x08000150   0x00000000   Code   RO         4869  * .ARM.Collect$$$$00000000  mc_w.l(entry.o)
    0x08000150   0x00000004   Code   RO         5135    .ARM.Collect$$$$00000001  mc_w.l(entry2.o)
    0x08000154   0x00000004   Code   RO         5138    .ARM.Collect$$$$00000004  mc_w.l(entry5.o)
    0x08000158   0x00000000   Code   RO         5140    .ARM.Collect$$$$00000008  mc_w.l(entry7b.o)
    0x08000158   0x00000000   Code   RO         5142    .ARM.Collect$$$$0000000A  mc_w.l(entry8b.o)
    0x08000158   0x00000008   Code   RO         5143    .ARM.Collect$$$$0000000B  mc_w.l(entry9a.o)
    0x08000160   0x00000000   Code   RO         5145    .ARM.Collect$$$$0000000D  mc_w.l(entry10a.o)
    0x08000160   0x00000000   Code   RO         5147    .ARM.Collect$$$$0000000F  mc_w.l(entry11a.o)
    0x08000160   0x00000004   Code   RO         5136    .ARM.Collect$$$$00002712  mc_w.l(entry2.o)
    0x08000164   0x00000024   Code   RO         4334    .text               startup_gd32f3x0.o
    0x08000188   0x00000024   Code   RO         4872    .text               mc_w.l(memseta.o)
    0x080001ac   0x0000002c   Code   RO         5150    .text               mc_w.l(uidiv.o)
    0x080001d8   0x00000024   Code   RO         5165    .text               mc_w.l(init.o)
    0x080001fc   0x00000004   Code   RO            3    i.BusFault_Handler  gd32f3x0_it.o
    0x08000200   0x00000002   Code   RO            4    i.DebugMon_Handler  gd32f3x0_it.o
    0x08000202   0x00000004   Code   RO            5    i.HardFault_Handler  gd32f3x0_it.o
    0x08000206   0x00000012   Code   RO         4767    i.MMC_disk_initialize  diskio.o
    0x08000218   0x00000004   Code   RO            6    i.MemManage_Handler  gd32f3x0_it.o
    0x0800021c   0x00000002   Code   RO            7    i.NMI_Handler       gd32f3x0_it.o
    0x0800021e   0x00000002   PAD
    0x08000220   0x00000028   Code   RO          268    i.NVIC_SetPriority  systick.o
    0x08000248   0x00000002   Code   RO            8    i.PendSV_Handler    gd32f3x0_it.o
    0x0800024a   0x00000004   Code   RO         4771    i.RAM_disk_initialize  diskio.o
    0x0800024e   0x00000002   Code   RO            9    i.SVC_Handler       gd32f3x0_it.o
    0x08000250   0x00000008   Code   RO           10    i.SysTick_Handler   gd32f3x0_it.o
    0x08000258   0x000000c8   Code   RO          448    i.SystemInit        system_gd32f3x0.o
    0x08000320   0x00000004   Code   RO         4775    i.USB_disk_initialize  diskio.o
    0x08000324   0x00000004   Code   RO           11    i.UsageFault_Handler  gd32f3x0_it.o
    0x08000328   0x00000020   Code   RO         4919    i.__0printf$1       mc_w.l(printf1.o)
    0x08000348   0x0000000e   Code   RO         5177    i.__scatterload_copy  mc_w.l(handlers.o)
    0x08000356   0x00000002   Code   RO         5178    i.__scatterload_null  mc_w.l(handlers.o)
    0x08000358   0x0000000e   Code   RO         5179    i.__scatterload_zeroinit  mc_w.l(handlers.o)
    0x08000366   0x00000002   PAD
    0x08000368   0x00000154   Code   RO         4926    i._printf_core      mc_w.l(printf1.o)
    0x080004bc   0x00000014   Code   RO          269    i.delay_1ms         systick.o
    0x080004d0   0x00000018   Code   RO          270    i.delay_decrement   systick.o
    0x080004e8   0x00000038   Code   RO         4779    i.disk_initialize   diskio.o
    0x08000520   0x00000028   Code   RO          178    i.fputc             main.o
    0x08000548   0x000000c0   Code   RO         4340    i.gd_eval_com_init  gd32f3x0_eval.o
    0x08000608   0x0000005e   Code   RO         1885    i.gpio_af_set       gd32f3x0_gpio.o
    0x08000666   0x00000004   Code   RO         1886    i.gpio_bit_reset    gd32f3x0_gpio.o
    0x0800066a   0x00000004   Code   RO         1887    i.gpio_bit_set      gd32f3x0_gpio.o
    0x0800066e   0x0000004e   Code   RO         1893    i.gpio_mode_set     gd32f3x0_gpio.o
    0x080006bc   0x0000007c   Code   RO         1895    i.gpio_output_options_set  gd32f3x0_gpio.o
    0x08000738   0x000000ec   Code   RO          179    i.main              main.o
    0x08000824   0x0000027c   Code   RO         2383    i.rcu_clock_freq_get  gd32f3x0_rcu.o
    0x08000aa0   0x00000020   Code   RO         2403    i.rcu_periph_clock_enable  gd32f3x0_rcu.o
    0x08000ac0   0x00000020   Code   RO         2406    i.rcu_periph_reset_disable  gd32f3x0_rcu.o
    0x08000ae0   0x00000020   Code   RO         2407    i.rcu_periph_reset_enable  gd32f3x0_rcu.o
    0x08000b00   0x00000140   Code   RO          340    i.sd_card_init      spi_sd.o
    0x08000c40   0x0000005c   Code   RO          342    i.sd_cmd_send       spi_sd.o
    0x08000c9c   0x00000084   Code   RO          349    i.spi_config        spi_sd.o
    0x08000d20   0x0000000a   Code   RO         2866    i.spi_enable        gd32f3x0_spi.o
    0x08000d2a   0x00000008   Code   RO         2868    i.spi_i2s_data_receive  gd32f3x0_spi.o
    0x08000d32   0x00000004   Code   RO         2869    i.spi_i2s_data_transmit  gd32f3x0_spi.o
    0x08000d36   0x00000010   Code   RO         2871    i.spi_i2s_flag_get  gd32f3x0_spi.o
    0x08000d46   0x00000032   Code   RO         2875    i.spi_init          gd32f3x0_spi.o
    0x08000d78   0x00000038   Code   RO          350    i.spi_read          spi_sd.o
    0x08000db0   0x00000038   Code   RO          351    i.spi_write         spi_sd.o
    0x08000de8   0x000000c0   Code   RO          449    i.system_clock_108m_hxtal  system_gd32f3x0.o
    0x08000ea8   0x00000008   Code   RO          450    i.system_clock_config  system_gd32f3x0.o
    0x08000eb0   0x00000050   Code   RO          271    i.systick_config    systick.o
    0x08000f00   0x00000084   Code   RO         3830    i.usart_baudrate_set  gd32f3x0_usart.o
    0x08000f84   0x00000008   Code   RO         3837    i.usart_data_transmit  gd32f3x0_usart.o
    0x08000f8c   0x00000040   Code   RO         3838    i.usart_deinit      gd32f3x0_usart.o
    0x08000fcc   0x0000000a   Code   RO         3845    i.usart_enable      gd32f3x0_usart.o
    0x08000fd6   0x0000001e   Code   RO         3847    i.usart_flag_get    gd32f3x0_usart.o
    0x08000ff4   0x00000010   Code   RO         3872    i.usart_receive_config  gd32f3x0_usart.o
    0x08001004   0x00000010   Code   RO         3893    i.usart_transmit_config  gd32f3x0_usart.o
    0x08001014   0x00000020   Data   RO         5175    Region$$Table       anon$$obj.o


    Execution Region RW_IRAM1 (Base: 0x20000000, Size: 0x000008d8, Max: 0x00004000, ABSOLUTE)

    Base Addr    Size         Type   Attr      Idx    E Section Name        Object

    0x20000000   0x00000004   Data   RW          272    .data               systick.o
    0x20000004   0x00000004   Data   RW          451    .data               system_gd32f3x0.o
    0x20000008   0x00000069   Data   RW         4347    .data               gd32f3x0_eval.o
    0x20000071   0x00000003   PAD
    0x20000074   0x00000004   Data   RW         5149    .data               mc_w.l(stdout.o)
    0x20000078   0x00000460   Zero   RW          180    .bss                main.o
    0x200004d8   0x00000400   Zero   RW         4331    STACK               startup_gd32f3x0.o


==============================================================================

Image component sizes


      Code (inc. data)   RO Data    RW Data    ZI Data      Debug   Object Name

        82          0          0          0          0       1910   diskio.o
       192         18          0        105          0       1471   gd32f3x0_eval.o
       304          0          0          0          0       3592   gd32f3x0_gpio.o
        32          0          0          0          0      47498   gd32f3x0_it.o
       732         60          0          0          0       3676   gd32f3x0_rcu.o
        88          0          0          0          0       3474   gd32f3x0_spi.o
       276         10          0          0          0       4437   gd32f3x0_usart.o
       276        108          0          0       1120      15071   main.o
       656         28          0          0          0       3716   spi_sd.o
        36          8        336          0       1024        836   startup_gd32f3x0.o
       400         44          0          4          0       1935   system_gd32f3x0.o
       164         24          0          4          0      26226   systick.o

    ----------------------------------------------------------------------
      3240        300        368        116       2144     113842   Object Totals
         0          0         32          0          0          0   (incl. Generated)
         2          0          0          3          0          0   (incl. Padding)

    ----------------------------------------------------------------------

      Code (inc. data)   RO Data    RW Data    ZI Data      Debug   Library Member Name

         0          0          0          0          0          0   entry.o
         0          0          0          0          0          0   entry10a.o
         0          0          0          0          0          0   entry11a.o
         8          4          0          0          0          0   entry2.o
         4          0          0          0          0          0   entry5.o
         0          0          0          0          0          0   entry7b.o
         0          0          0          0          0          0   entry8b.o
         8          4          0          0          0          0   entry9a.o
        30          0          0          0          0          0   handlers.o
        36          8          0          0          0         68   init.o
        36          0          0          0          0        108   memseta.o
       372         16          0          0          0        180   printf1.o
         0          0          0          4          0          0   stdout.o
        44          0          0          0          0         80   uidiv.o

    ----------------------------------------------------------------------
       540         32          0          4          0        436   Library Totals
         2          0          0          0          0          0   (incl. Padding)

    ----------------------------------------------------------------------

      Code (inc. data)   RO Data    RW Data    ZI Data      Debug   Library Name

       538         32          0          4          0        436   mc_w.l

    ----------------------------------------------------------------------
       540         32          0          4          0        436   Library Totals

    ----------------------------------------------------------------------

==============================================================================


      Code (inc. data)   RO Data    RW Data    ZI Data      Debug   

      3780        332        368        120       2144     111730   Grand Totals
      3780        332        368        120       2144     111730   ELF Image Totals
      3780        332        368        120          0          0   ROM Totals

==============================================================================

    Total RO  Size (Code + RO Data)                 4148 (   4.05kB)
    Total RW  Size (RW Data + ZI Data)              2264 (   2.21kB)
    Total ROM Size (Code + RO Data + RW Data)       4268 (   4.17kB)

==============================================================================

